#-----------------------------------------------------------
# Vivado v2024.2 (64-bit)
# SW Build 5239630 on Fri Nov 08 22:35:27 MST 2024
# IP Build 5239520 on Sun Nov 10 16:12:51 MST 2024
# SharedData Build 5239561 on Fri Nov 08 14:39:27 MST 2024
# Start of session at: Thu Mar 12 14:35:42 2026
# Process ID         : 18332
# Current directory  : C:/Users/eleves/Desktop/Ascon/Ascon.runs/blk_mem_gen_1_synth_1
# Command line       : vivado.exe -log blk_mem_gen_1.vds -product Vivado -mode batch -messageDb vivado.pb -notrace -source blk_mem_gen_1.tcl
# Log file           : C:/Users/eleves/Desktop/Ascon/Ascon.runs/blk_mem_gen_1_synth_1/blk_mem_gen_1.vds
# Journal file       : C:/Users/eleves/Desktop/Ascon/Ascon.runs/blk_mem_gen_1_synth_1\vivado.jou
# Running On         : GCP-E103-08
# Platform           : Windows Server 2016 or Windows 10
# Operating System   : 26200
# Processor Detail   : 12th Gen Intel(R) Core(TM) i5-12500
# CPU Frequency      : 2995 MHz
# CPU Physical cores : 6
# CPU Logical cores  : 12
# Host memory        : 16363 MB
# Swap memory        : 16642 MB
# Total Virtual      : 33006 MB
# Available Virtual  : 25253 MB
#-----------------------------------------------------------
source blk_mem_gen_1.tcl -notrace
