============================================================
  Generated by:           Genus(TM) Synthesis Solution 23.14-s090_1
  Generated on:           Jul 22 2026  02:35:39 pm
  Module:                 chip_top
  Operating conditions:   typical (balanced_tree)
  Wireload mode:          enclosed
  Area mode:              timing library
============================================================

                                
  Gate   Instances     Area           Library      
---------------------------------------------------
AND2X1          21     6048.000    etri05_stdcells 
AND2X2         244    70272.000    etri05_stdcells 
AOI21X1        391   112608.000    etri05_stdcells 
AOI22X1       2396   862560.000    etri05_stdcells 
BUFX2          329    71064.000    etri05_stdcells 
BUFX4           42    12096.000    etri05_stdcells 
DFFSR         2985  4728240.000    etri05_stdcells 
INVX1         1836   264384.000    etri05_stdcells 
INVX2         2067   297648.000    etri05_stdcells 
INVX4           85    18360.000    etri05_stdcells 
INVX8           77    27720.000    etri05_stdcells 
MUX2X1        1097   473904.000    etri05_stdcells 
NAND2X1       3445   744120.000    etri05_stdcells 
NAND3X1        163    52812.000    etri05_stdcells 
NOR2X1         526   113616.000    etri05_stdcells 
OAI21X1       3924   812268.000    etri05_stdcells 
OAI22X1        266    95760.000    etri05_stdcells 
OR2X1           71    20448.000    etri05_stdcells 
OR2X2           75    21600.000    etri05_stdcells 
---------------------------------------------------
total        20040  8805528.000                    


                                            
     Type      Instances     Area    Area % 
--------------------------------------------
sequential          2985 4728240.000   53.7 
inverter            4065  608112.000    6.9 
buffer               371   83160.000    0.9 
logic              12619 3386016.000   38.5 
physical_cells         0       0.000    0.0 
--------------------------------------------
total              20040 8805528.000  100.0 

