============================================================
  Generated by:           Genus(TM) Synthesis Solution 23.14-s090_1
  Generated on:           Jul 22 2026  01:44:50 pm
  Module:                 chip_top
  Operating conditions:   typical (balanced_tree)
  Wireload mode:          enclosed
  Area mode:              timing library
============================================================

                                
  Gate   Instances     Area           Library      
---------------------------------------------------
AND2X1          10     2880.000    etri05_stdcells 
AND2X2          42    12096.000    etri05_stdcells 
AOI21X1        324    93312.000    etri05_stdcells 
AOI22X1       2629   946440.000    etri05_stdcells 
BUFX2           14     3024.000    etri05_stdcells 
BUFX4           52    14976.000    etri05_stdcells 
DFFSR         2985  4728240.000    etri05_stdcells 
INVX1          965   138960.000    etri05_stdcells 
INVX2         2635   379440.000    etri05_stdcells 
INVX4           17     3672.000    etri05_stdcells 
INVX8           51    18360.000    etri05_stdcells 
MUX2X1         750   324000.000    etri05_stdcells 
NAND2X1       3257   703512.000    etri05_stdcells 
NAND3X1         72    23328.000    etri05_stdcells 
NOR2X1         512   110592.000    etri05_stdcells 
OAI21X1       4390   908730.000    etri05_stdcells 
OAI22X1        130    46800.000    etri05_stdcells 
OR2X1           14     4032.000    etri05_stdcells 
OR2X2           52    14976.000    etri05_stdcells 
---------------------------------------------------
total        18901  8477370.000                    


                                            
     Type      Instances     Area    Area % 
--------------------------------------------
sequential          2985 4728240.000   55.8 
inverter            3668  540432.000    6.4 
buffer                66   18000.000    0.2 
logic              12182 3190698.000   37.6 
physical_cells         0       0.000    0.0 
--------------------------------------------
total              18901 8477370.000  100.0 

