============================================================
  Generated by:           Genus(TM) Synthesis Solution 23.14-s090_1
  Generated on:           Jul 22 2026  02:30:31 pm
  Module:                 chip_top
  Operating conditions:   typical (balanced_tree)
  Wireload mode:          enclosed
  Area mode:              timing library
============================================================

                                
  Gate   Instances     Area           Library      
---------------------------------------------------
AND2X1          21     6048.000    etri05_stdcells 
AND2X2         205    59040.000    etri05_stdcells 
AOI21X1        402   115776.000    etri05_stdcells 
AOI22X1       2438   877680.000    etri05_stdcells 
BUFX2          222    47952.000    etri05_stdcells 
BUFX4           42    12096.000    etri05_stdcells 
DFFSR         2985  4728240.000    etri05_stdcells 
INVX1         1877   270288.000    etri05_stdcells 
INVX2         1947   280368.000    etri05_stdcells 
INVX4           81    17496.000    etri05_stdcells 
INVX8           71    25560.000    etri05_stdcells 
MUX2X1        1119   483408.000    etri05_stdcells 
NAND2X1       3219   695304.000    etri05_stdcells 
NAND3X1        155    50220.000    etri05_stdcells 
NOR2X1         528   114048.000    etri05_stdcells 
OAI21X1       3792   784944.000    etri05_stdcells 
OAI22X1        329   118440.000    etri05_stdcells 
OR2X1           56    16128.000    etri05_stdcells 
OR2X2           71    20448.000    etri05_stdcells 
---------------------------------------------------
total        19560  8723484.000                    


                                            
     Type      Instances     Area    Area % 
--------------------------------------------
sequential          2985 4728240.000   54.2 
inverter            3976  593712.000    6.8 
buffer               264   60048.000    0.7 
logic              12335 3341484.000   38.3 
physical_cells         0       0.000    0.0 
--------------------------------------------
total              19560 8723484.000  100.0 

