============================================================
  Generated by:           Genus(TM) Synthesis Solution 23.14-s090_1
  Generated on:           Jul 22 2026  02:25:41 pm
  Module:                 chip_top
  Operating conditions:   typical (balanced_tree)
  Wireload mode:          enclosed
  Area mode:              timing library
============================================================


Path 1: MET (0 ps) Setup Check with Pin u_crypto_fsm/u_sha256/a_reg[19]/CLK->D
          Group: clk
     Startpoint: (R) u_crypto_fsm/u_sha256/round_reg[1]/CLK
          Clock: (R) clk
       Endpoint: (R) u_crypto_fsm/u_sha256/a_reg[19]/D
          Clock: (R) clk

                     Capture       Launch     
        Clock Edge:+    6667            0     
       Src Latency:+       0            0     
       Net Latency:+       0 (I)        0 (I) 
           Arrival:=    6667            0     
                                              
             Setup:-     226                  
     Required Time:=    6441                  
      Launch Clock:-       0                  
         Data Path:-    6440                  
             Slack:=       0                  

#-------------------------------------------------------------------------------------------------------------------------------
#                    Timing Point                      Flags    Arc   Edge   Cell     Fanout  Load Trans Delay Arrival Instance 
#                                                                                             (fF)  (ps)  (ps)   (ps)  Location 
#-------------------------------------------------------------------------------------------------------------------------------
  u_crypto_fsm/u_sha256/round_reg[1]/CLK               -       -      R     (arrival)   2985     -     0     0       0    (-,-) 
  u_crypto_fsm/u_sha256/round_reg[1]/Q                 -       CLK->Q R     DFFSR          1  24.6    91   425     425    (-,-) 
  u_crypto_fsm/u_sha256/fopt15/Y                       -       A->Y   R     BUFX4          5 132.8   121   229     654    (-,-) 
  u_crypto_fsm/u_sha256/fopt70239/Y                    -       A->Y   F     INVX2          2  54.4    97    98     752    (-,-) 
  u_crypto_fsm/u_sha256/g62816/Y                       -       B->Y   R     NOR2X1         2  43.0   144   123     874    (-,-) 
  u_crypto_fsm/u_sha256/g62647/Y                       -       A->Y   R     AND2X2         8 172.8   241   286    1160    (-,-) 
  u_crypto_fsm/u_sha256/g62487/Y                       -       B->Y   F     NAND2X1        5 117.8   288   238    1398    (-,-) 
  u_crypto_fsm/u_sha256/g62101/Y                       -       B->Y   F     AND2X2         4  86.2   141   331    1729    (-,-) 
  u_crypto_fsm/u_sha256/g61914/Y                       -       A->Y   F     AND2X2         4  98.4   153   273    2002    (-,-) 
  u_crypto_fsm/u_sha256/g61806/Y                       -       A->Y   F     AND2X2         2  54.0   102   228    2230    (-,-) 
  u_crypto_fsm/u_sha256/g61684/Y                       -       B->Y   R     NAND3X1        1  33.2   188   156    2386    (-,-) 
  u_crypto_fsm/u_sha256/g61674/Y                       -       A->Y   F     INVX2          2  66.2   123   122    2508    (-,-) 
  u_crypto_fsm/u_sha256/csa_tree_fac_g5225/Y           -       A->Y   R     INVX2          3  98.3   144   139    2647    (-,-) 
  u_crypto_fsm/u_sha256/csa_tree_fac_g4788/Y           -       B->Y   F     OAI21X1        2  65.5   206   156    2803    (-,-) 
  u_crypto_fsm/u_sha256/fopt70094/Y                    -       A->Y   R     INVX2          3  69.8   132   135    2938    (-,-) 
  u_crypto_fsm/u_sha256/fopt70093/Y                    -       A->Y   F     INVX1          1  33.2   119   124    3063    (-,-) 
  u_crypto_fsm/u_sha256/csa_tree_fac_g4557/Y           -       D->Y   R     AOI22X1        1  33.2   177   124    3187    (-,-) 
  u_crypto_fsm/u_sha256/csa_tree_fac_g4548/Y           -       A->Y   F     INVX2          7 202.4   271   255    3442    (-,-) 
  u_crypto_fsm/u_sha256/csa_tree_fac623_groupi_g6441/Y -       C->Y   R     OAI21X1        1  21.6   196   157    3599    (-,-) 
  u_crypto_fsm/u_sha256/csa_tree_fac623_groupi_g6419/Y -       B->Y   F     NAND2X1        2  57.9   164   142    3741    (-,-) 
  u_crypto_fsm/u_sha256/csa_tree_fac623_groupi_g6288/Y -       S->Y   R     MUX2X1         1  36.4   163   244    3985    (-,-) 
  u_crypto_fsm/u_sha256/csa_tree_fac623_groupi_g6190/Y -       S->Y   R     MUX2X1         2  43.8   210   256    4240    (-,-) 
  u_crypto_fsm/u_sha256/csa_tree_fac623_groupi_g6121/Y -       B->Y   F     NOR2X1         3  76.6   291   266    4506    (-,-) 
  u_crypto_fsm/u_sha256/csa_tree_fac623_groupi_g5984/Y -       B->Y   R     OAI21X1        2  59.8   238   230    4736    (-,-) 
  u_crypto_fsm/u_sha256/csa_tree_fac623_groupi_g5955/Y -       A->Y   F     AOI21X1        2  49.0   192   157    4893    (-,-) 
  u_crypto_fsm/u_sha256/csa_tree_fac623_groupi_g5936/Y -       B->Y   R     OAI21X1        1  27.7   153   150    5043    (-,-) 
  u_crypto_fsm/u_sha256/csa_tree_fac623_groupi_g5925/Y -       C->Y   F     AOI21X1        1  21.6   127   134    5177    (-,-) 
  u_crypto_fsm/u_sha256/csa_tree_fac623_groupi_g5922/Y -       C->Y   R     OAI21X1        2  65.4   228   196    5373    (-,-) 
  u_crypto_fsm/u_sha256/csa_tree_fac623_groupi_g5916/Y -       A->Y   F     INVX2          2  99.4   167   164    5537    (-,-) 
  u_crypto_fsm/u_sha256/csa_tree_fac623_groupi_g5915/Y -       A->Y   R     INVX4          3 125.6   117   120    5657    (-,-) 
  u_crypto_fsm/u_sha256/csa_tree_fac623_groupi_g5883/Y -       B->Y   F     AOI21X1        2  69.2   245   188    5845    (-,-) 
  u_crypto_fsm/u_sha256/csa_tree_fac623_groupi_g5854/Y -       B->Y   R     OAI21X1        2  54.6   226   208    6053    (-,-) 
  u_crypto_fsm/u_sha256/csa_tree_fac623_groupi_g5846/Y -       B->Y   F     NAND2X1        1  21.6   110    76    6129    (-,-) 
  u_crypto_fsm/u_sha256/csa_tree_fac623_groupi_g5838/Y -       C->Y   R     OAI21X1        1  33.2   164   131    6259    (-,-) 
  u_crypto_fsm/u_sha256/g69831/Y                       -       A->Y   F     INVX2          1  32.9    83    82    6342    (-,-) 
  u_crypto_fsm/u_sha256/g67499/Y                       -       B->Y   R     OAI21X1        1  16.1   148    99    6440    (-,-) 
  u_crypto_fsm/u_sha256/a_reg[19]/D                    <<<     -      R     DFFSR          1     -     -     0    6440    (-,-) 
#-------------------------------------------------------------------------------------------------------------------------------

