============================================================
  Generated by:           Genus(TM) Synthesis Solution 23.14-s090_1
  Generated on:           Jul 22 2026  02:25:42 pm
  Module:                 chip_top
  Operating conditions:   typical (balanced_tree)
  Wireload mode:          enclosed
  Area mode:              timing library
============================================================

                                
  Gate   Instances     Area           Library      
---------------------------------------------------
AND2X1          14     4032.000    etri05_stdcells 
AND2X2         174    50112.000    etri05_stdcells 
AOI21X1        460   132480.000    etri05_stdcells 
AOI22X1       2337   841320.000    etri05_stdcells 
BUFX2           42     9072.000    etri05_stdcells 
BUFX4           28     8064.000    etri05_stdcells 
DFFSR         2985  4728240.000    etri05_stdcells 
INVX1         1626   234144.000    etri05_stdcells 
INVX2         1900   273600.000    etri05_stdcells 
INVX4           39     8424.000    etri05_stdcells 
INVX8           64    23040.000    etri05_stdcells 
MUX2X1         986   425952.000    etri05_stdcells 
NAND2X1       3476   750816.000    etri05_stdcells 
NAND3X1        153    49572.000    etri05_stdcells 
NOR2X1         512   110592.000    etri05_stdcells 
OAI21X1       3973   822411.000    etri05_stdcells 
OAI22X1        327   117720.000    etri05_stdcells 
OR2X1           53    15264.000    etri05_stdcells 
OR2X2           71    20448.000    etri05_stdcells 
---------------------------------------------------
total        19220  8625303.000                    


                                            
     Type      Instances     Area    Area % 
--------------------------------------------
sequential          2985 4728240.000   54.8 
inverter            3629  539208.000    6.3 
buffer                70   17136.000    0.2 
logic              12536 3340719.000   38.7 
physical_cells         0       0.000    0.0 
--------------------------------------------
total              19220 8625303.000  100.0 

