============================================================
  Generated by:           Genus(TM) Synthesis Solution 23.14-s090_1
  Generated on:           Jul 22 2026  01:29:29 pm
  Module:                 chip_top
  Operating conditions:   typical (balanced_tree)
  Wireload mode:          enclosed
  Area mode:              timing library
============================================================

                                
  Gate   Instances     Area           Library      
---------------------------------------------------
AND2X1           2      576.000    etri05_stdcells 
AND2X2          43    12384.000    etri05_stdcells 
AOI21X1        350   100800.000    etri05_stdcells 
AOI22X1       2570   925200.000    etri05_stdcells 
BUFX2            9     1944.000    etri05_stdcells 
BUFX4           57    16416.000    etri05_stdcells 
DFFSR         2985  4728240.000    etri05_stdcells 
INVX1          751   108144.000    etri05_stdcells 
INVX2         2590   372960.000    etri05_stdcells 
INVX4           18     3888.000    etri05_stdcells 
INVX8           48    17280.000    etri05_stdcells 
MUX2X1         684   295488.000    etri05_stdcells 
NAND2X1       3685   795960.000    etri05_stdcells 
NAND3X1         69    22356.000    etri05_stdcells 
NOR2X1         490   105840.000    etri05_stdcells 
OAI21X1       4380   906660.000    etri05_stdcells 
OAI22X1        166    59760.000    etri05_stdcells 
OR2X1           17     4896.000    etri05_stdcells 
OR2X2           34     9792.000    etri05_stdcells 
---------------------------------------------------
total        18948  8488584.000                    


                                            
     Type      Instances     Area    Area % 
--------------------------------------------
sequential          2985 4728240.000   55.7 
inverter            3407  502272.000    5.9 
buffer                66   18360.000    0.2 
logic              12490 3239712.000   38.2 
physical_cells         0       0.000    0.0 
--------------------------------------------
total              18948 8488584.000  100.0 

