============================================================
  Generated by:           Genus(TM) Synthesis Solution 23.14-s090_1
  Generated on:           Jul 22 2026  01:13:21 pm
  Module:                 chip_top
  Operating conditions:   typical (balanced_tree)
  Wireload mode:          enclosed
  Area mode:              timing library
============================================================


Path 1: MET (5721 ps) Setup Check with Pin u_crypto_fsm/u_sha256/a_reg[31]/CLK->D
          Group: clk
     Startpoint: (R) u_crypto_fsm/u_sha256/round_reg[6]/CLK
          Clock: (R) clk
       Endpoint: (R) u_crypto_fsm/u_sha256/a_reg[31]/D
          Clock: (R) clk

                     Capture       Launch     
        Clock Edge:+   22222            0     
       Src Latency:+       0            0     
       Net Latency:+       0 (I)        0 (I) 
           Arrival:=   22222            0     
                                              
             Setup:-     223                  
     Required Time:=   22000                  
      Launch Clock:-       0                  
         Data Path:-   16278                  
             Slack:=    5721                  

#-------------------------------------------------------------------------------------------------------------------------------------
#                       Timing Point                         Flags    Arc   Edge   Cell     Fanout  Load Trans Delay Arrival Instance 
#                                                                                                   (fF)  (ps)  (ps)   (ps)  Location 
#-------------------------------------------------------------------------------------------------------------------------------------
  u_crypto_fsm/u_sha256/round_reg[6]/CLK                     -       -      R     (arrival)   2985     -     0     0       0    (-,-) 
  u_crypto_fsm/u_sha256/round_reg[6]/Q                       -       CLK->Q R     DFFSR         12 334.0   913   982     982    (-,-) 
  u_crypto_fsm/u_sha256/g59856/Y                             -       A->Y   F     INVX2          3  70.0   284   182    1164    (-,-) 
  u_crypto_fsm/u_sha256/g59666/Y                             -       B->Y   R     NAND2X1       11 334.9   963   716    1880    (-,-) 
  u_crypto_fsm/u_sha256/g59653/Y                             -       A->Y   F     INVX2         10 293.7   542   483    2363    (-,-) 
  u_crypto_fsm/u_sha256/g59522/Y                             -       B->Y   R     NAND2X1       11 341.1   990   807    3170    (-,-) 
  u_crypto_fsm/u_sha256/g59398/Y                             -       A->Y   F     INVX2         11 304.6   560   499    3669    (-,-) 
  u_crypto_fsm/u_sha256/g59333/Y                             -       B->Y   R     NAND2X1        4 121.6   533   429    4098    (-,-) 
  u_crypto_fsm/u_sha256/g58981/Y                             -       B->Y   F     NOR2X1         3  87.9   368   370    4468    (-,-) 
  u_crypto_fsm/u_sha256/g58810/Y                             -       C->Y   R     AOI21X1        2  48.5   308   177    4645    (-,-) 
  u_crypto_fsm/u_sha256/g58762/Y                             -       C->Y   F     OAI21X1        1  27.0   230   103    4748    (-,-) 
  u_crypto_fsm/u_sha256/g58630/Y                             -       B->Y   F     OR2X2          3  87.8   147   258    5006    (-,-) 
  u_crypto_fsm/u_sha256/WALLACE_CSA_DUMMY_OP1_groupi_g7189/Y -       B->Y   R     NAND2X1        1  21.6   157   113    5119    (-,-) 
  u_crypto_fsm/u_sha256/WALLACE_CSA_DUMMY_OP1_groupi_g7129/Y -       C->Y   F     OAI21X1        2  54.5   235   140    5258    (-,-) 
  u_crypto_fsm/u_sha256/WALLACE_CSA_DUMMY_OP1_groupi_g6952/Y -       B->Y   R     OAI21X1        3  82.3   288   249    5508    (-,-) 
  u_crypto_fsm/u_sha256/WALLACE_CSA_DUMMY_OP1_groupi_g6888/Y -       B->Y   F     NOR2X1         1  32.9   196   181    5688    (-,-) 
  u_crypto_fsm/u_sha256/WALLACE_CSA_DUMMY_OP1_groupi_g6784/Y -       B->Y   R     OAI21X1        3  76.2   257   228    5916    (-,-) 
  u_crypto_fsm/u_sha256/g67740/Y                             -       C->Y   F     OAI21X1        1  21.4   161    92    6008    (-,-) 
  u_crypto_fsm/u_sha256/g67739/Y                             -       A->Y   R     NAND2X1        3  76.2   249   229    6237    (-,-) 
  u_crypto_fsm/u_sha256/g67738/Y                             -       C->Y   F     OAI21X1        1  21.4   162    92    6329    (-,-) 
  u_crypto_fsm/u_sha256/g67737/Y                             -       A->Y   R     NAND2X1        3  76.2   249   229    6558    (-,-) 
  u_crypto_fsm/u_sha256/g67736/Y                             -       C->Y   F     OAI21X1        1  21.4   153    92    6650    (-,-) 
  u_crypto_fsm/u_sha256/g67735/Y                             -       A->Y   R     NAND2X1        3  76.2   248   226    6876    (-,-) 
  u_crypto_fsm/u_sha256/g67734/Y                             -       C->Y   F     OAI21X1        1  21.4   153    92    6968    (-,-) 
  u_crypto_fsm/u_sha256/g67733/Y                             -       A->Y   R     NAND2X1        3  76.2   248   226    7195    (-,-) 
  u_crypto_fsm/u_sha256/g67732/Y                             -       C->Y   F     OAI21X1        1  21.4   153    92    7287    (-,-) 
  u_crypto_fsm/u_sha256/g67731/Y                             -       A->Y   R     NAND2X1        3  86.8   275   245    7532    (-,-) 
  u_crypto_fsm/u_sha256/WALLACE_CSA_DUMMY_OP1_groupi_g6532/Y -       B->Y   F     NAND2X1        1  21.6   122    76    7607    (-,-) 
  u_crypto_fsm/u_sha256/WALLACE_CSA_DUMMY_OP1_groupi_g6531/Y -       C->Y   R     OAI21X1        7 196.8   576   432    8040    (-,-) 
  u_crypto_fsm/u_sha256/WALLACE_CSA_DUMMY_OP3_groupi_g3624/Y -       B->Y   F     NAND2X1        1  21.6   188    69    8109    (-,-) 
  u_crypto_fsm/u_sha256/WALLACE_CSA_DUMMY_OP3_groupi_g3588/Y -       C->Y   R     OAI21X1        3  87.6   331   254    8363    (-,-) 
  u_crypto_fsm/u_sha256/WALLACE_CSA_DUMMY_OP3_groupi_g3544/Y -       B->Y   F     NAND2X1        2  43.2   173   124    8487    (-,-) 
  u_crypto_fsm/u_sha256/g67783/Y                             -       B->Y   R     NAND2X1        3  76.2   248   219    8706    (-,-) 
  u_crypto_fsm/u_sha256/g67782/Y                             -       C->Y   F     OAI21X1        1  21.4   154    92    8798    (-,-) 
  u_crypto_fsm/u_sha256/g67781/Y                             -       A->Y   R     NAND2X1        3  76.2   248   226    9025    (-,-) 
  u_crypto_fsm/u_sha256/g67780/Y                             -       C->Y   F     OAI21X1        1  21.4   153    92    9117    (-,-) 
  u_crypto_fsm/u_sha256/g67779/Y                             -       A->Y   R     NAND2X1        3  76.2   248   226    9343    (-,-) 
  u_crypto_fsm/u_sha256/g67778/Y                             -       C->Y   F     OAI21X1        1  21.4   168    92    9435    (-,-) 
  u_crypto_fsm/u_sha256/g67777/Y                             -       A->Y   R     NAND2X1        3  76.2   249   231    9666    (-,-) 
  u_crypto_fsm/u_sha256/g67776/Y                             -       C->Y   F     OAI21X1        1  21.4   154    92    9758    (-,-) 
  u_crypto_fsm/u_sha256/g67775/Y                             -       A->Y   R     NAND2X1        3  76.2   248   226    9985    (-,-) 
  u_crypto_fsm/u_sha256/g67774/Y                             -       C->Y   F     OAI21X1        1  21.4   168    92   10077    (-,-) 
  u_crypto_fsm/u_sha256/g67773/Y                             -       A->Y   R     NAND2X1        3  76.2   249   231   10308    (-,-) 
  u_crypto_fsm/u_sha256/g67772/Y                             -       C->Y   F     OAI21X1        1  21.4   153    92   10400    (-,-) 
  u_crypto_fsm/u_sha256/g67771/Y                             -       A->Y   R     NAND2X1        3  76.2   248   226   10626    (-,-) 
  u_crypto_fsm/u_sha256/g67770/Y                             -       C->Y   F     OAI21X1        1  21.4   168    92   10718    (-,-) 
  u_crypto_fsm/u_sha256/g67769/Y                             -       A->Y   R     NAND2X1        3  76.2   249   231   10949    (-,-) 
  u_crypto_fsm/u_sha256/g67768/Y                             -       C->Y   F     OAI21X1        1  21.4   154    92   11041    (-,-) 
  u_crypto_fsm/u_sha256/g67767/Y                             -       A->Y   R     NAND2X1        3  76.2   248   226   11268    (-,-) 
  u_crypto_fsm/u_sha256/WALLACE_CSA_DUMMY_OP3_groupi_g3410/Y -       C->Y   F     OAI21X1        2  43.3   189   130   11398    (-,-) 
  u_crypto_fsm/u_sha256/g67766/Y                             -       A->Y   F     AND2X2         1  32.3    77   215   11613    (-,-) 
  u_crypto_fsm/u_sha256/g67765/Y                             -       A->Y   R     OAI21X1        3  76.2   257   204   11816    (-,-) 
  u_crypto_fsm/u_sha256/g67764/Y                             -       C->Y   F     OAI21X1        1  21.4   164    92   11908    (-,-) 
  u_crypto_fsm/u_sha256/g67763/Y                             -       A->Y   R     NAND2X1        3  76.2   249   230   12138    (-,-) 
  u_crypto_fsm/u_sha256/g67762/Y                             -       C->Y   F     OAI21X1        1  21.4   153    92   12230    (-,-) 
  u_crypto_fsm/u_sha256/g67761/Y                             -       A->Y   R     NAND2X1        3  76.2   248   226   12456    (-,-) 
  u_crypto_fsm/u_sha256/g67760/Y                             -       C->Y   F     OAI21X1        1  21.4   164    92   12548    (-,-) 
  u_crypto_fsm/u_sha256/g67759/Y                             -       A->Y   R     NAND2X1        3  76.2   249   230   12778    (-,-) 
  u_crypto_fsm/u_sha256/g67758/Y                             -       C->Y   F     OAI21X1        1  21.4   153    92   12870    (-,-) 
  u_crypto_fsm/u_sha256/g67757/Y                             -       A->Y   R     NAND2X1        3  76.2   248   226   13096    (-,-) 
  u_crypto_fsm/u_sha256/g67756/Y                             -       C->Y   F     OAI21X1        1  21.4   164    92   13188    (-,-) 
  u_crypto_fsm/u_sha256/g67755/Y                             -       A->Y   R     NAND2X1        3  76.2   249   230   13418    (-,-) 
  u_crypto_fsm/u_sha256/g67754/Y                             -       C->Y   F     OAI21X1        1  21.4   153    92   13510    (-,-) 
  u_crypto_fsm/u_sha256/g67753/Y                             -       A->Y   R     NAND2X1        3  76.2   248   226   13736    (-,-) 
  u_crypto_fsm/u_sha256/WALLACE_CSA_DUMMY_OP3_groupi_g3379/Y -       C->Y   F     OAI21X1        2  43.3   189   130   13867    (-,-) 
  u_crypto_fsm/u_sha256/g67752/Y                             -       A->Y   F     AND2X2         1  32.3    78   215   14082    (-,-) 
  u_crypto_fsm/u_sha256/g67751/Y                             -       A->Y   R     OAI21X1        3  76.2   257   204   14285    (-,-) 
  u_crypto_fsm/u_sha256/g67750/Y                             -       C->Y   F     OAI21X1        1  21.4   168    92   14377    (-,-) 
  u_crypto_fsm/u_sha256/g67749/Y                             -       A->Y   R     NAND2X1        3  76.2   249   231   14608    (-,-) 
  u_crypto_fsm/u_sha256/g67748/Y                             -       C->Y   F     OAI21X1        1  21.4   154    92   14700    (-,-) 
  u_crypto_fsm/u_sha256/g67747/Y                             -       A->Y   R     NAND2X1        3  76.2   248   226   14927    (-,-) 
  u_crypto_fsm/u_sha256/g67746/Y                             -       C->Y   F     OAI21X1        1  21.4   154    92   15019    (-,-) 
  u_crypto_fsm/u_sha256/g67745/Y                             -       A->Y   R     NAND2X1        3  76.2   248   226   15245    (-,-) 
  u_crypto_fsm/u_sha256/g67744/Y                             -       C->Y   F     OAI21X1        1  21.4   154    92   15337    (-,-) 
  u_crypto_fsm/u_sha256/g67743/Y                             -       A->Y   R     NAND2X1        3  76.2   248   226   15564    (-,-) 
  u_crypto_fsm/u_sha256/g67742/Y                             -       C->Y   F     OAI21X1        1  21.4   153    92   15656    (-,-) 
  u_crypto_fsm/u_sha256/g67741/Y                             -       A->Y   R     NAND2X1        2  54.6   194   189   15844    (-,-) 
  u_crypto_fsm/u_sha256/WALLACE_CSA_DUMMY_OP3_groupi_g3353/Y -       B->Y   F     NAND2X1        1  21.6   107    76   15920    (-,-) 
  u_crypto_fsm/u_sha256/WALLACE_CSA_DUMMY_OP3_groupi_g3352/Y -       C->Y   R     OAI21X1        1  21.6   138   107   16028    (-,-) 
  u_crypto_fsm/u_sha256/g65685/Y                             -       B->Y   F     NAND2X1        1  32.9   300    93   16120    (-,-) 
  u_crypto_fsm/u_sha256/g64456/Y                             -       B->Y   R     OAI21X1        1  16.1   391   158   16278    (-,-) 
  u_crypto_fsm/u_sha256/a_reg[31]/D                          <<<     -      R     DFFSR          1     -     -     0   16278    (-,-) 
#-------------------------------------------------------------------------------------------------------------------------------------

