============================================================
  Generated by:           Genus(TM) Synthesis Solution 23.14-s090_1
  Generated on:           Jul 22 2026  01:53:26 pm
  Module:                 chip_top
  Operating conditions:   typical (balanced_tree)
  Wireload mode:          enclosed
  Area mode:              timing library
============================================================

                                
  Gate   Instances     Area           Library      
---------------------------------------------------
AND2X1           5     1440.000    etri05_stdcells 
AND2X2         134    38592.000    etri05_stdcells 
AOI21X1        354   101952.000    etri05_stdcells 
AOI22X1       2545   916200.000    etri05_stdcells 
BUFX2           15     3240.000    etri05_stdcells 
BUFX4           14     4032.000    etri05_stdcells 
DFFSR         2985  4728240.000    etri05_stdcells 
INVX1         1461   210384.000    etri05_stdcells 
INVX2         1952   281088.000    etri05_stdcells 
INVX4           34     7344.000    etri05_stdcells 
INVX8           63    22680.000    etri05_stdcells 
MUX2X1         724   312768.000    etri05_stdcells 
NAND2X1       3653   789048.000    etri05_stdcells 
NAND3X1        170    55080.000    etri05_stdcells 
NOR2X1         565   122040.000    etri05_stdcells 
NOR3X1           1      576.000    etri05_stdcells 
OAI21X1       4087   846009.000    etri05_stdcells 
OAI22X1        342   123120.000    etri05_stdcells 
OR2X1           45    12960.000    etri05_stdcells 
OR2X2           58    16704.000    etri05_stdcells 
---------------------------------------------------
total        19207  8593497.000                    


                                            
     Type      Instances     Area    Area % 
--------------------------------------------
sequential          2985 4728240.000   55.0 
inverter            3510  521496.000    6.1 
buffer                29    7272.000    0.1 
logic              12683 3336489.000   38.8 
physical_cells         0       0.000    0.0 
--------------------------------------------
total              19207 8593497.000  100.0 

