============================================================
  Generated by:           Genus(TM) Synthesis Solution 23.14-s090_1
  Generated on:           Jul 22 2026  01:29:28 pm
  Module:                 chip_top
  Operating conditions:   typical (balanced_tree)
  Wireload mode:          enclosed
  Area mode:              timing library
============================================================


Path 1: MET (283 ps) Setup Check with Pin u_crypto_fsm/u_sha256/a_reg[31]/CLK->D
          Group: clk
     Startpoint: (R) u_crypto_fsm/u_sha256/round_reg[6]/CLK
          Clock: (R) clk
       Endpoint: (R) u_crypto_fsm/u_sha256/a_reg[31]/D
          Clock: (R) clk

                     Capture       Launch     
        Clock Edge:+   15385            0     
       Src Latency:+       0            0     
       Net Latency:+       0 (I)        0 (I) 
           Arrival:=   15385            0     
                                              
             Setup:-     221                  
     Required Time:=   15164                  
      Launch Clock:-       0                  
         Data Path:-   14881                  
             Slack:=     283                  

#-------------------------------------------------------------------------------------------------------------------------------------
#                       Timing Point                         Flags    Arc   Edge   Cell     Fanout  Load Trans Delay Arrival Instance 
#                                                                                                   (fF)  (ps)  (ps)   (ps)  Location 
#-------------------------------------------------------------------------------------------------------------------------------------
  u_crypto_fsm/u_sha256/round_reg[6]/CLK                     -       -      R     (arrival)   2985     -     0     0       0    (-,-) 
  u_crypto_fsm/u_sha256/round_reg[6]/Q                       -       CLK->Q R     DFFSR         10 279.5   768   884     884    (-,-) 
  u_crypto_fsm/u_sha256/g46673/Y                             -       A->Y   F     INVX2          6 129.0   323   264    1148    (-,-) 
  u_crypto_fsm/u_sha256/g58026/Y                             -       A->Y   F     AND2X2        12 325.0   437   552    1700    (-,-) 
  u_crypto_fsm/u_sha256/g57985/Y                             -       A->Y   R     INVX2         10 306.0   437   412    2112    (-,-) 
  u_crypto_fsm/u_sha256/g57853/Y                             -       B->Y   F     NOR2X1         9 249.1   803   699    2811    (-,-) 
  u_crypto_fsm/u_sha256/g57650/Y                             -       B->Y   R     NAND2X1        5 154.6   521   561    3373    (-,-) 
  u_crypto_fsm/u_sha256/g57294/Y                             -       B->Y   F     NOR2X1         3  70.7   322   325    3697    (-,-) 
  u_crypto_fsm/u_sha256/g57129/Y                             -       C->Y   R     AOI21X1        2  48.5   248   170    3867    (-,-) 
  u_crypto_fsm/u_sha256/g56981/Y                             -       B->Y   F     NAND3X1        4 108.8   263   187    4055    (-,-) 
  u_crypto_fsm/u_sha256/WALLACE_CSA_DUMMY_OP1_groupi_g7223/Y -       B->Y   R     OAI21X1        1  21.6   186   158    4213    (-,-) 
  u_crypto_fsm/u_sha256/WALLACE_CSA_DUMMY_OP1_groupi_g7163/Y -       B->Y   F     NAND2X1        2  57.9   161   142    4355    (-,-) 
  u_crypto_fsm/u_sha256/WALLACE_CSA_DUMMY_OP1_groupi_g6971/Y -       S->Y   R     MUX2X1         2  54.6   233   272    4627    (-,-) 
  u_crypto_fsm/u_sha256/WALLACE_CSA_DUMMY_OP1_groupi_g6881/Y -       B->Y   F     NAND2X1        1  21.6   134    76    4703    (-,-) 
  u_crypto_fsm/u_sha256/WALLACE_CSA_DUMMY_OP1_groupi_g6875/Y -       C->Y   R     OAI21X1        3  87.6   295   238    4941    (-,-) 
  u_crypto_fsm/u_sha256/WALLACE_CSA_DUMMY_OP1_groupi_g6756/Y -       B->Y   F     NAND2X1        2  43.0   164   122    5063    (-,-) 
  u_crypto_fsm/u_sha256/WALLACE_CSA_DUMMY_OP1_groupi_g6698/Y -       C->Y   R     OAI21X1        2  54.6   224   187    5250    (-,-) 
  u_crypto_fsm/u_sha256/WALLACE_CSA_DUMMY_OP1_groupi_g6638/Y -       B->Y   F     NAND2X1        1  21.6   120    76    5326    (-,-) 
  u_crypto_fsm/u_sha256/WALLACE_CSA_DUMMY_OP1_groupi_g6621/Y -       C->Y   R     OAI21X1        7 196.8   576   432    5758    (-,-) 
  u_crypto_fsm/u_sha256/WALLACE_CSA_DUMMY_OP3_groupi_g3648/Y -       B->Y   F     NAND2X1        1  21.6   188    69    5827    (-,-) 
  u_crypto_fsm/u_sha256/WALLACE_CSA_DUMMY_OP3_groupi_g3631/Y -       C->Y   R     OAI21X1        3  87.6   332   254    6082    (-,-) 
  u_crypto_fsm/u_sha256/WALLACE_CSA_DUMMY_OP3_groupi_g3610/Y -       B->Y   F     NAND2X1        2  43.2   173   124    6206    (-,-) 
  u_crypto_fsm/u_sha256/g65972/Y                             -       B->Y   R     NAND2X1        3  75.1   246   217    6423    (-,-) 
  u_crypto_fsm/u_sha256/g65971/Y                             -       C->Y   F     OAI21X1        1  21.4   154    92    6515    (-,-) 
  u_crypto_fsm/u_sha256/g65970/Y                             -       A->Y   R     NAND2X1        3  75.1   246   225    6739    (-,-) 
  u_crypto_fsm/u_sha256/g65969/Y                             -       C->Y   F     OAI21X1        1  21.4   153    92    6831    (-,-) 
  u_crypto_fsm/u_sha256/g65968/Y                             -       A->Y   R     NAND2X1        3  76.0   248   226    7058    (-,-) 
  u_crypto_fsm/u_sha256/g65967/Y                             -       C->Y   F     OAI21X1        1  21.4   153    92    7150    (-,-) 
  u_crypto_fsm/u_sha256/g65966/Y                             -       A->Y   R     NAND2X1        3  76.2   248   226    7376    (-,-) 
  u_crypto_fsm/u_sha256/g65965/Y                             -       C->Y   F     OAI21X1        1  21.4   153    92    7468    (-,-) 
  u_crypto_fsm/u_sha256/g65964/Y                             -       A->Y   R     NAND2X1        3  76.2   248   226    7694    (-,-) 
  u_crypto_fsm/u_sha256/g65963/Y                             -       C->Y   F     OAI21X1        1  21.4   153    92    7786    (-,-) 
  u_crypto_fsm/u_sha256/g65962/Y                             -       A->Y   R     NAND2X1        3  76.2   248   226    8013    (-,-) 
  u_crypto_fsm/u_sha256/g65961/Y                             -       C->Y   F     OAI21X1        1  21.4   153    92    8105    (-,-) 
  u_crypto_fsm/u_sha256/g65960/Y                             -       A->Y   R     NAND2X1        3  76.2   248   226    8331    (-,-) 
  u_crypto_fsm/u_sha256/g65959/Y                             -       C->Y   F     OAI21X1        1  21.4   153    92    8423    (-,-) 
  u_crypto_fsm/u_sha256/g65958/Y                             -       A->Y   R     NAND2X1        3  76.2   248   226    8650    (-,-) 
  u_crypto_fsm/u_sha256/g65957/Y                             -       C->Y   F     OAI21X1        1  21.4   153    92    8742    (-,-) 
  u_crypto_fsm/u_sha256/g65956/Y                             -       A->Y   R     NAND2X1        3  76.2   248   226    8968    (-,-) 
  u_crypto_fsm/u_sha256/g65955/Y                             -       C->Y   F     OAI21X1        1  21.4   153    92    9060    (-,-) 
  u_crypto_fsm/u_sha256/g65954/Y                             -       A->Y   R     NAND2X1        3  76.2   248   226    9286    (-,-) 
  u_crypto_fsm/u_sha256/g65953/Y                             -       C->Y   F     OAI21X1        1  21.4   167    92    9378    (-,-) 
  u_crypto_fsm/u_sha256/g65952/Y                             -       A->Y   R     NAND2X1        3  76.2   249   231    9609    (-,-) 
  u_crypto_fsm/u_sha256/g65951/Y                             -       C->Y   F     OAI21X1        1  21.4   153    92    9701    (-,-) 
  u_crypto_fsm/u_sha256/g65950/Y                             -       A->Y   R     NAND2X1        3  76.2   248   226    9927    (-,-) 
  u_crypto_fsm/u_sha256/g65949/Y                             -       C->Y   F     OAI21X1        1  21.4   167    92   10019    (-,-) 
  u_crypto_fsm/u_sha256/g65948/Y                             -       A->Y   R     NAND2X1        3  76.2   249   231   10250    (-,-) 
  u_crypto_fsm/u_sha256/g65947/Y                             -       C->Y   F     OAI21X1        1  21.4   153    92   10342    (-,-) 
  u_crypto_fsm/u_sha256/g65946/Y                             -       A->Y   R     NAND2X1        4 102.9   316   273   10615    (-,-) 
  u_crypto_fsm/u_sha256/WALLACE_CSA_DUMMY_OP3_groupi_g3455/Y -       B->Y   F     AOI21X1        2  69.2   249   227   10842    (-,-) 
  u_crypto_fsm/u_sha256/WALLACE_CSA_DUMMY_OP3_groupi_g3450/Y -       B->Y   R     OAI21X1        3  76.2   264   244   11086    (-,-) 
  u_crypto_fsm/u_sha256/g65945/Y                             -       C->Y   F     OAI21X1        1  21.4   153    92   11178    (-,-) 
  u_crypto_fsm/u_sha256/g65944/Y                             -       A->Y   R     NAND2X1        3  76.2   248   226   11404    (-,-) 
  u_crypto_fsm/u_sha256/g65943/Y                             -       C->Y   F     OAI21X1        1  21.4   167    92   11496    (-,-) 
  u_crypto_fsm/u_sha256/g65942/Y                             -       A->Y   R     NAND2X1        3  76.2   249   231   11727    (-,-) 
  u_crypto_fsm/u_sha256/g65941/Y                             -       C->Y   F     OAI21X1        1  21.4   153    92   11819    (-,-) 
  u_crypto_fsm/u_sha256/g65940/Y                             -       A->Y   R     NAND2X1        3  76.2   248   226   12046    (-,-) 
  u_crypto_fsm/u_sha256/g65939/Y                             -       C->Y   F     OAI21X1        1  21.4   164    92   12138    (-,-) 
  u_crypto_fsm/u_sha256/g65938/Y                             -       A->Y   R     NAND2X1        3  76.2   249   230   12367    (-,-) 
  u_crypto_fsm/u_sha256/g65937/Y                             -       C->Y   F     OAI21X1        1  21.4   153    92   12459    (-,-) 
  u_crypto_fsm/u_sha256/g65936/Y                             -       A->Y   R     NAND2X1        4 102.9   316   273   12732    (-,-) 
  u_crypto_fsm/u_sha256/WALLACE_CSA_DUMMY_OP3_groupi_g3426/Y -       B->Y   F     AOI21X1        2  69.2   249   227   12959    (-,-) 
  u_crypto_fsm/u_sha256/WALLACE_CSA_DUMMY_OP3_groupi_g3421/Y -       B->Y   R     OAI21X1        3  76.2   264   244   13203    (-,-) 
  u_crypto_fsm/u_sha256/g65935/Y                             -       C->Y   F     OAI21X1        1  21.4   153    92   13295    (-,-) 
  u_crypto_fsm/u_sha256/g65934/Y                             -       A->Y   R     NAND2X1        3  76.2   248   226   13521    (-,-) 
  u_crypto_fsm/u_sha256/g65933/Y                             -       C->Y   F     OAI21X1        1  21.4   153    92   13613    (-,-) 
  u_crypto_fsm/u_sha256/g65932/Y                             -       A->Y   R     NAND2X1        3  76.2   248   226   13840    (-,-) 
  u_crypto_fsm/u_sha256/g65931/Y                             -       C->Y   F     OAI21X1        1  21.4   153    92   13932    (-,-) 
  u_crypto_fsm/u_sha256/g65930/Y                             -       A->Y   R     NAND2X1        3  76.2   248   226   14158    (-,-) 
  u_crypto_fsm/u_sha256/g65929/Y                             -       C->Y   F     OAI21X1        1  21.4   153    92   14250    (-,-) 
  u_crypto_fsm/u_sha256/g65928/Y                             -       A->Y   R     NAND2X1        2  54.6   194   189   14439    (-,-) 
  u_crypto_fsm/u_sha256/WALLACE_CSA_DUMMY_OP3_groupi_g3404/Y -       B->Y   F     NAND2X1        1  21.6   107    76   14515    (-,-) 
  u_crypto_fsm/u_sha256/WALLACE_CSA_DUMMY_OP3_groupi_g3403/Y -       C->Y   R     OAI21X1        1  21.6   138   107   14622    (-,-) 
  u_crypto_fsm/u_sha256/g64346/Y                             -       B->Y   F     NAND2X1        1  32.9   332    93   14715    (-,-) 
  u_crypto_fsm/u_sha256/g63016/Y                             -       B->Y   R     OAI21X1        1  16.1   404   166   14881    (-,-) 
  u_crypto_fsm/u_sha256/a_reg[31]/D                          <<<     -      R     DFFSR          1     -     -     0   14881    (-,-) 
#-------------------------------------------------------------------------------------------------------------------------------------

