============================================================
  Generated by:           Genus(TM) Synthesis Solution 23.14-s090_1
  Generated on:           Jul 22 2026  02:35:38 pm
  Module:                 chip_top
  Operating conditions:   typical (balanced_tree)
  Wireload mode:          enclosed
  Area mode:              timing library
============================================================


Path 1: VIOLATED (-698 ps) Setup Check with Pin u_crypto_fsm/u_sha256/a_reg[22]/CLK->D
          Group: clk
     Startpoint: (R) u_crypto_fsm/u_sha256/round_reg[4]/CLK
          Clock: (R) clk
       Endpoint: (R) u_crypto_fsm/u_sha256/a_reg[22]/D
          Clock: (R) clk

                     Capture       Launch     
        Clock Edge:+    5000            0     
       Src Latency:+       0            0     
       Net Latency:+       0 (I)        0 (I) 
           Arrival:=    5000            0     
                                              
             Setup:-     214                  
     Required Time:=    4786                  
      Launch Clock:-       0                  
         Data Path:-    5484                  
             Slack:=    -698                  

#---------------------------------------------------------------------------------------------------------------------------------
#                     Timing Point                       Flags    Arc   Edge   Cell     Fanout  Load Trans Delay Arrival Instance 
#                                                                                               (fF)  (ps)  (ps)   (ps)  Location 
#---------------------------------------------------------------------------------------------------------------------------------
  u_crypto_fsm/u_sha256/round_reg[4]/CLK                 -       -      R     (arrival)   2985     -     0     0       0    (-,-) 
  u_crypto_fsm/u_sha256/round_reg[4]/Q                   -       CLK->Q R     DFFSR          1  24.6    91   425     425    (-,-) 
  u_crypto_fsm/u_sha256/fopt81556/Y                      -       A->Y   R     BUFX4          5 163.6   137   243     668    (-,-) 
  u_crypto_fsm/u_sha256/fopt81554/Y                      -       A->Y   F     INVX4          3  65.1    76    78     746    (-,-) 
  u_crypto_fsm/u_sha256/g74630/Y                         -       B->Y   R     NOR2X1         2  42.8   145   118     864    (-,-) 
  u_crypto_fsm/u_sha256/g74475/Y                         -       B->Y   R     AND2X2         7 154.0   218   262    1126    (-,-) 
  u_crypto_fsm/u_sha256/g74365/Y                         -       A->Y   R     BUFX4          5 118.3   114   248    1374    (-,-) 
  u_crypto_fsm/u_sha256/g74130/Y                         -       A->Y   R     AND2X2         2  60.0   108   181    1555    (-,-) 
  u_crypto_fsm/u_sha256/g73865/Y                         -       A->Y   F     NOR2X1         1  21.4   136   153    1708    (-,-) 
  u_crypto_fsm/u_sha256/g73747/Y                         -       B->Y   F     AND2X2         4 108.0   164   300    2009    (-,-) 
  u_crypto_fsm/u_sha256/g73474/Y                         -       C->Y   R     NAND3X1        2  53.6   242   190    2198    (-,-) 
  u_crypto_fsm/u_sha256/g82286/Y                         -       B->Y   R     OR2X2          2  48.2   107   305    2504    (-,-) 
  u_crypto_fsm/u_sha256/csa_tree_fac_g5289/Y             -       A->Y   R     BUFX2          1  33.2    80   186    2689    (-,-) 
  u_crypto_fsm/u_sha256/csa_tree_fac_g5288/Y             -       A->Y   F     INVX2          2  53.7    87    90    2779    (-,-) 
  u_crypto_fsm/u_sha256/csa_tree_fac_g4703/Y             -       A->Y   R     OAI21X1        1  21.6   146   117    2896    (-,-) 
  u_crypto_fsm/u_sha256/csa_tree_fac_g4654/Y             -       B->Y   F     NAND2X1        1  66.5   170   148    3044    (-,-) 
  u_crypto_fsm/u_sha256/fopt82097/Y                      -       A->Y   R     INVX4          6 168.3   138   140    3184    (-,-) 
  u_crypto_fsm/u_sha256/fopt82091/Y                      -       A->Y   F     INVX2          1  32.2    76    77    3261    (-,-) 
  u_crypto_fsm/u_sha256/csa_tree_fac623_groupi_g6239/Y   -       A->Y   R     MUX2X1         1  36.4   166   152    3413    (-,-) 
  u_crypto_fsm/u_sha256/csa_tree_fac623_groupi_g6080/Y   -       S->Y   F     MUX2X1         2  37.5   193   243    3656    (-,-) 
  u_crypto_fsm/u_sha256/csa_tree_fac623_groupi_g6060/Y   -       A->Y   R     NAND2X1        2  37.5   158   172    3828    (-,-) 
  u_crypto_fsm/u_sha256/fopt81721/Y                      -       A->Y   R     BUFX2          2  49.3    96   211    4039    (-,-) 
  u_crypto_fsm/u_sha256/fopt81720/Y                      -       A->Y   F     INVX2          1  32.9    67    72    4111    (-,-) 
  u_crypto_fsm/u_sha256/csa_tree_fac623_groupi_g5862/Y   -       B->Y   R     OAI21X1        1  21.4   142   103    4214    (-,-) 
  u_crypto_fsm/u_sha256/csa_tree_fac623_groupi_g5847/Y   -       A->Y   F     NAND2X1        2  37.7   126    91    4305    (-,-) 
  u_crypto_fsm/u_sha256/csa_tree_fac623_groupi_g5823_0/Y -       B->Y   R     NAND2X1        1  26.8   122   116    4420    (-,-) 
  u_crypto_fsm/u_sha256/csa_tree_fac623_groupi_g5782_0/Y -       B->Y   R     OR2X2          1 132.7   198   352    4773    (-,-) 
  u_crypto_fsm/u_sha256/csa_tree_fac623_groupi_g5776/Y   -       A->Y   F     INVX8         15 475.4   181   178    4951    (-,-) 
  u_crypto_fsm/u_sha256/csa_tree_fac623_groupi_g5763/Y   -       B->Y   R     OAI21X1        1  36.4   167   161    5112    (-,-) 
  u_crypto_fsm/u_sha256/csa_tree_fac623_groupi_g5730/Y   -       S->Y   R     MUX2X1         1  21.4   141   220    5332    (-,-) 
  u_crypto_fsm/u_sha256/g79776/Y                         -       A->Y   F     NAND2X1        1  21.6    97    65    5397    (-,-) 
  u_crypto_fsm/u_sha256/g81483/Y                         -       B->Y   R     NAND2X1        1  16.1    88    87    5484    (-,-) 
  u_crypto_fsm/u_sha256/a_reg[22]/D                      <<<     -      R     DFFSR          1     -     -     0    5484    (-,-) 
#---------------------------------------------------------------------------------------------------------------------------------

