============================================================
  Generated by:           Genus(TM) Synthesis Solution 23.14-s090_1
  Generated on:           Jul 22 2026  01:09:19 pm
  Module:                 chip_top
  Operating conditions:   typical (balanced_tree)
  Wireload mode:          enclosed
  Area mode:              timing library
============================================================

                                
  Gate   Instances     Area           Library      
---------------------------------------------------
AND2X1           3      864.000    etri05_stdcells 
AND2X2          45    12960.000    etri05_stdcells 
AOI21X1        219    63072.000    etri05_stdcells 
AOI22X1       2743   987480.000    etri05_stdcells 
BUFX2           15     3240.000    etri05_stdcells 
BUFX4           32     9216.000    etri05_stdcells 
DFFSR         2985  4728240.000    etri05_stdcells 
INVX1          622    89568.000    etri05_stdcells 
INVX2         2736   393984.000    etri05_stdcells 
INVX4           27     5832.000    etri05_stdcells 
INVX8           58    20880.000    etri05_stdcells 
MUX2X1         659   284688.000    etri05_stdcells 
NAND2X1       3776   815616.000    etri05_stdcells 
NAND3X1         86    27864.000    etri05_stdcells 
NOR2X1         438    94608.000    etri05_stdcells 
OAI21X1       4054   839178.000    etri05_stdcells 
OAI22X1        261    93960.000    etri05_stdcells 
OR2X1           11     3168.000    etri05_stdcells 
OR2X2           75    21600.000    etri05_stdcells 
---------------------------------------------------
total        18845  8496018.000                    


                                            
     Type      Instances     Area    Area % 
--------------------------------------------
sequential          2985 4728240.000   55.7 
inverter            3443  510264.000    6.0 
buffer                47   12456.000    0.1 
logic              12370 3245058.000   38.2 
physical_cells         0       0.000    0.0 
--------------------------------------------
total              18845 8496018.000  100.0 

