============================================================
  Generated by:           Genus(TM) Synthesis Solution 23.14-s090_1
  Generated on:           Jul 22 2026  01:33:35 pm
  Module:                 chip_top
  Operating conditions:   typical (balanced_tree)
  Wireload mode:          enclosed
  Area mode:              timing library
============================================================

                                
  Gate   Instances     Area           Library      
---------------------------------------------------
AND2X1           2      576.000    etri05_stdcells 
AND2X2          34     9792.000    etri05_stdcells 
AOI21X1        358   103104.000    etri05_stdcells 
AOI22X1       2609   939240.000    etri05_stdcells 
BUFX2            9     1944.000    etri05_stdcells 
BUFX4           53    15264.000    etri05_stdcells 
DFFSR         2985  4728240.000    etri05_stdcells 
INVX1          819   117936.000    etri05_stdcells 
INVX2         2603   374832.000    etri05_stdcells 
INVX4           16     3456.000    etri05_stdcells 
INVX8           50    18000.000    etri05_stdcells 
MUX2X1         686   296352.000    etri05_stdcells 
NAND2X1       3557   768312.000    etri05_stdcells 
NAND3X1         80    25920.000    etri05_stdcells 
NOR2X1         523   112968.000    etri05_stdcells 
NOR3X1           2     1152.000    etri05_stdcells 
OAI21X1       4291   888237.000    etri05_stdcells 
OAI22X1        192    69120.000    etri05_stdcells 
OR2X1           14     4032.000    etri05_stdcells 
OR2X2           45    12960.000    etri05_stdcells 
---------------------------------------------------
total        18928  8491437.000                    


                                            
     Type      Instances     Area    Area % 
--------------------------------------------
sequential          2985 4728240.000   55.7 
inverter            3488  514224.000    6.1 
buffer                62   17208.000    0.2 
logic              12393 3231765.000   38.1 
physical_cells         0       0.000    0.0 
--------------------------------------------
total              18928 8491437.000  100.0 

