============================================================
  Generated by:           Genus(TM) Synthesis Solution 23.14-s090_1
  Generated on:           Jul 22 2026  01:33:34 pm
  Module:                 chip_top
  Operating conditions:   typical (balanced_tree)
  Wireload mode:          enclosed
  Area mode:              timing library
============================================================


Path 1: MET (26 ps) Setup Check with Pin u_crypto_fsm/u_sha256/a_reg[31]/CLK->D
          Group: clk
     Startpoint: (R) u_crypto_fsm/u_sha256/round_reg[1]/CLK
          Clock: (R) clk
       Endpoint: (R) u_crypto_fsm/u_sha256/a_reg[31]/D
          Clock: (R) clk

                     Capture       Launch     
        Clock Edge:+   14286            0     
       Src Latency:+       0            0     
       Net Latency:+       0 (I)        0 (I) 
           Arrival:=   14286            0     
                                              
             Setup:-     221                  
     Required Time:=   14065                  
      Launch Clock:-       0                  
         Data Path:-   14039                  
             Slack:=      26                  

#-------------------------------------------------------------------------------------------------------------------------------------
#                       Timing Point                         Flags    Arc   Edge   Cell     Fanout  Load Trans Delay Arrival Instance 
#                                                                                                   (fF)  (ps)  (ps)   (ps)  Location 
#-------------------------------------------------------------------------------------------------------------------------------------
  u_crypto_fsm/u_sha256/round_reg[1]/CLK                     -       -      R     (arrival)   2985     -     0     0       0    (-,-) 
  u_crypto_fsm/u_sha256/round_reg[1]/Q                       -       CLK->Q R     DFFSR          4  96.6   282   555     555    (-,-) 
  u_crypto_fsm/u_sha256/g46666/Y                             -       A->Y   F     INVX1         15 400.1  1166   964    1519    (-,-) 
  u_crypto_fsm/u_sha256/g57519/Y                             -       A->Y   R     INVX2         18 457.2   742   749    2268    (-,-) 
  u_crypto_fsm/u_sha256/g57416/Y                             -       A->Y   F     NAND2X1        9 278.4   660   462    2731    (-,-) 
  u_crypto_fsm/u_sha256/g57403/Y                             -       A->Y   R     INVX2          6 151.1   315   325    3056    (-,-) 
  u_crypto_fsm/u_sha256/g57185/Y                             -       B->Y   F     NAND2X1        3  81.5   236   192    3248    (-,-) 
  u_crypto_fsm/u_sha256/g56754/Y                             -       B->Y   R     OAI22X1        1  26.8   311   174    3422    (-,-) 
  u_crypto_fsm/u_sha256/g56460/Y                             -       A->Y   F     NOR2X1         1  21.6   172   204    3626    (-,-) 
  u_crypto_fsm/u_sha256/g56440/Y                             -       C->Y   R     OAI21X1        1  27.7   230   140    3766    (-,-) 
  u_crypto_fsm/u_sha256/g56376/Y                             -       B->Y   F     NOR2X1         1  27.2   179   156    3922    (-,-) 
  u_crypto_fsm/u_sha256/g56337/Y                             -       C->Y   R     NAND3X1        4 114.6   407   303    4224    (-,-) 
  u_crypto_fsm/u_sha256/WALLACE_CSA_DUMMY_OP1_groupi_g7360/Y -       A->Y   F     INVX2          1  32.3   141   100    4324    (-,-) 
  u_crypto_fsm/u_sha256/WALLACE_CSA_DUMMY_OP1_groupi_g7233/Y -       B->Y   R     MUX2X1         2  54.6   226   179    4503    (-,-) 
  u_crypto_fsm/u_sha256/WALLACE_CSA_DUMMY_OP1_groupi_g7097/Y -       B->Y   F     NAND2X1        1  21.6   132    76    4579    (-,-) 
  u_crypto_fsm/u_sha256/WALLACE_CSA_DUMMY_OP1_groupi_g7082/Y -       C->Y   R     OAI21X1        3  98.3   315   257    4836    (-,-) 
  u_crypto_fsm/u_sha256/WALLACE_CSA_DUMMY_OP1_groupi_g7047/Y -       A->Y   F     INVX2          2  65.2   153   135    4970    (-,-) 
  u_crypto_fsm/u_sha256/WALLACE_CSA_DUMMY_OP1_groupi_g6807/Y -       B->Y   R     MUX2X1         2  49.3   221   172    5142    (-,-) 
  u_crypto_fsm/u_sha256/WALLACE_CSA_DUMMY_OP1_groupi_g6710/Y -       B->Y   F     NAND2X1        2  37.5   136   108    5250    (-,-) 
  u_crypto_fsm/u_sha256/WALLACE_CSA_DUMMY_OP1_groupi_g6699/Y -       A->Y   R     INVX1          1  27.7   105   105    5355    (-,-) 
  u_crypto_fsm/u_sha256/WALLACE_CSA_DUMMY_OP1_groupi_g6642/Y -       C->Y   F     AOI21X1        2  69.2   239   233    5588    (-,-) 
  u_crypto_fsm/u_sha256/WALLACE_CSA_DUMMY_OP1_groupi_g6586/Y -       B->Y   R     OAI21X1        2  65.3   239   223    5811    (-,-) 
  u_crypto_fsm/u_sha256/WALLACE_CSA_DUMMY_OP1_groupi_g6585/Y -       A->Y   F     INVX2          2  65.1   134   126    5938    (-,-) 
  u_crypto_fsm/u_sha256/WALLACE_CSA_DUMMY_OP1_groupi_g6580/Y -       B->Y   R     OAI21X1        2  65.3   234   193    6131    (-,-) 
  u_crypto_fsm/u_sha256/WALLACE_CSA_DUMMY_OP1_groupi_g6579/Y -       A->Y   F     INVX2          2  65.1   133   126    6256    (-,-) 
  u_crypto_fsm/u_sha256/WALLACE_CSA_DUMMY_OP1_groupi_g6575/Y -       B->Y   R     OAI21X1        2  65.3   230   193    6450    (-,-) 
  u_crypto_fsm/u_sha256/WALLACE_CSA_DUMMY_OP1_groupi_g6574/Y -       A->Y   F     INVX2          2  65.1   132   125    6575    (-,-) 
  u_crypto_fsm/u_sha256/WALLACE_CSA_DUMMY_OP1_groupi_g6572/Y -       B->Y   R     OAI21X1        3  76.2   257   210    6785    (-,-) 
  u_crypto_fsm/u_sha256/g65963/Y                             -       C->Y   F     OAI21X1        1  21.4   164    92    6877    (-,-) 
  u_crypto_fsm/u_sha256/g65962/Y                             -       A->Y   R     NAND2X1        5 130.0   389   325    7202    (-,-) 
  u_crypto_fsm/u_sha256/WALLACE_CSA_DUMMY_OP1_groupi_g6566/Y -       C->Y   F     NAND3X1        1  27.2   166    67    7269    (-,-) 
  u_crypto_fsm/u_sha256/WALLACE_CSA_DUMMY_OP1_groupi_g6560/Y -       C->Y   R     NAND3X1        3  76.2   302   230    7499    (-,-) 
  u_crypto_fsm/u_sha256/g65961/Y                             -       C->Y   F     OAI21X1        1  21.4   154    93    7592    (-,-) 
  u_crypto_fsm/u_sha256/g65960/Y                             -       A->Y   R     NAND2X1        3  76.2   248   227    7819    (-,-) 
  u_crypto_fsm/u_sha256/g65959/Y                             -       C->Y   F     OAI21X1        1  21.4   154    92    7911    (-,-) 
  u_crypto_fsm/u_sha256/g65958/Y                             -       A->Y   R     NAND2X1        3  76.2   248   227    8137    (-,-) 
  u_crypto_fsm/u_sha256/g65957/Y                             -       C->Y   F     OAI21X1        1  21.4   154    92    8229    (-,-) 
  u_crypto_fsm/u_sha256/g65956/Y                             -       A->Y   R     NAND2X1        3  76.2   248   227    8456    (-,-) 
  u_crypto_fsm/u_sha256/g65955/Y                             -       C->Y   F     OAI21X1        1  21.4   154    92    8548    (-,-) 
  u_crypto_fsm/u_sha256/g65954/Y                             -       A->Y   R     NAND2X1        5 135.1   403   331    8879    (-,-) 
  u_crypto_fsm/u_sha256/WALLACE_CSA_DUMMY_OP1_groupi_g6532/Y -       B->Y   F     AOI21X1        2  69.2   269   244    9123    (-,-) 
  u_crypto_fsm/u_sha256/WALLACE_CSA_DUMMY_OP1_groupi_g6526/Y -       B->Y   R     OAI21X1        3  76.2   268   250    9373    (-,-) 
  u_crypto_fsm/u_sha256/g65953/Y                             -       C->Y   F     OAI21X1        1  21.4   158    92    9465    (-,-) 
  u_crypto_fsm/u_sha256/g65952/Y                             -       A->Y   R     NAND2X1        3  76.2   249   228    9693    (-,-) 
  u_crypto_fsm/u_sha256/g65951/Y                             -       C->Y   F     OAI21X1        1  21.4   154    92    9785    (-,-) 
  u_crypto_fsm/u_sha256/g65950/Y                             -       A->Y   R     NAND2X1        3  76.2   248   227   10012    (-,-) 
  u_crypto_fsm/u_sha256/g65949/Y                             -       C->Y   F     OAI21X1        1  21.4   155    92   10104    (-,-) 
  u_crypto_fsm/u_sha256/g65948/Y                             -       A->Y   R     NAND2X1        3  76.2   249   227   10331    (-,-) 
  u_crypto_fsm/u_sha256/g65947/Y                             -       C->Y   F     OAI21X1        1  21.4   159    92   10423    (-,-) 
  u_crypto_fsm/u_sha256/g65946/Y                             -       A->Y   R     NAND2X1        3  76.2   249   228   10651    (-,-) 
  u_crypto_fsm/u_sha256/g65945/Y                             -       C->Y   F     OAI21X1        1  21.4   154    92   10743    (-,-) 
  u_crypto_fsm/u_sha256/g65944/Y                             -       A->Y   R     NAND2X1        3  76.2   248   227   10970    (-,-) 
  u_crypto_fsm/u_sha256/g65943/Y                             -       C->Y   F     OAI21X1        1  21.4   164    92   11062    (-,-) 
  u_crypto_fsm/u_sha256/g65942/Y                             -       A->Y   R     NAND2X1        3  76.2   249   230   11292    (-,-) 
  u_crypto_fsm/u_sha256/WALLACE_CSA_DUMMY_OP1_groupi_g6497/Y -       B->Y   F     NAND2X1        1  21.6   116    76   11368    (-,-) 
  u_crypto_fsm/u_sha256/WALLACE_CSA_DUMMY_OP1_groupi_g6496/Y -       C->Y   R     OAI21X1        7 191.5   561   421   11789    (-,-) 
  u_crypto_fsm/u_sha256/WALLACE_CSA_DUMMY_OP3_groupi_g3602/Y -       B->Y   F     NAND2X1        1  21.6   185    70   11858    (-,-) 
  u_crypto_fsm/u_sha256/WALLACE_CSA_DUMMY_OP3_groupi_g3567/Y -       C->Y   R     OAI21X1        3  82.3   318   244   12102    (-,-) 
  u_crypto_fsm/u_sha256/WALLACE_CSA_DUMMY_OP3_groupi_g3524/Y -       B->Y   F     NOR2X1         2  59.9   255   254   12356    (-,-) 
  u_crypto_fsm/u_sha256/WALLACE_CSA_DUMMY_OP3_groupi_g3433/Y -       A->Y   R     OAI21X1        1  27.7   167   151   12507    (-,-) 
  u_crypto_fsm/u_sha256/WALLACE_CSA_DUMMY_OP3_groupi_g3355/Y -       C->Y   F     AOI21X1        2  69.2   270   245   12752    (-,-) 
  u_crypto_fsm/u_sha256/WALLACE_CSA_DUMMY_OP3_groupi_g3349/Y -       B->Y   R     OAI21X1        3  76.2   268   250   13002    (-,-) 
  u_crypto_fsm/u_sha256/g65967/Y                             -       C->Y   F     OAI21X1        1  21.4   153    92   13094    (-,-) 
  u_crypto_fsm/u_sha256/g65966/Y                             -       A->Y   R     NAND2X1        3  76.2   248   226   13321    (-,-) 
  u_crypto_fsm/u_sha256/g65965/Y                             -       C->Y   F     OAI21X1        1  21.4   153    92   13413    (-,-) 
  u_crypto_fsm/u_sha256/g65964/Y                             -       A->Y   R     NAND2X1        2  54.6   194   189   13601    (-,-) 
  u_crypto_fsm/u_sha256/WALLACE_CSA_DUMMY_OP3_groupi_g3337/Y -       B->Y   F     NAND2X1        1  21.6   107    76   13678    (-,-) 
  u_crypto_fsm/u_sha256/WALLACE_CSA_DUMMY_OP3_groupi_g3336/Y -       C->Y   R     OAI21X1        1  21.6   138   107   13785    (-,-) 
  u_crypto_fsm/u_sha256/g64134/Y                             -       B->Y   F     NAND2X1        1  32.9   313    93   13878    (-,-) 
  u_crypto_fsm/u_sha256/g62873/Y                             -       B->Y   R     OAI21X1        1  16.1   404   161   14039    (-,-) 
  u_crypto_fsm/u_sha256/a_reg[31]/D                          <<<     -      R     DFFSR          1     -     -     0   14039    (-,-) 
#-------------------------------------------------------------------------------------------------------------------------------------

