============================================================
  Generated by:           Genus(TM) Synthesis Solution 23.14-s090_1
  Generated on:           Jul 22 2026  01:17:24 pm
  Module:                 chip_top
  Operating conditions:   typical (balanced_tree)
  Wireload mode:          enclosed
  Area mode:              timing library
============================================================


Path 1: MET (3838 ps) Setup Check with Pin u_crypto_fsm/u_sha256/a_reg[31]/CLK->D
          Group: clk
     Startpoint: (R) u_crypto_fsm/u_sha256/round_reg[2]/CLK
          Clock: (R) clk
       Endpoint: (R) u_crypto_fsm/u_sha256/a_reg[31]/D
          Clock: (R) clk

                     Capture       Launch     
        Clock Edge:+   20000            0     
       Src Latency:+       0            0     
       Net Latency:+       0 (I)        0 (I) 
           Arrival:=   20000            0     
                                              
             Setup:-     222                  
     Required Time:=   19778                  
      Launch Clock:-       0                  
         Data Path:-   15940                  
             Slack:=    3838                  

#-------------------------------------------------------------------------------------------------------------------------------------
#                       Timing Point                         Flags    Arc   Edge   Cell     Fanout  Load Trans Delay Arrival Instance 
#                                                                                                   (fF)  (ps)  (ps)   (ps)  Location 
#-------------------------------------------------------------------------------------------------------------------------------------
  u_crypto_fsm/u_sha256/round_reg[2]/CLK                     -       -      R     (arrival)   2985     -     0     0       0    (-,-) 
  u_crypto_fsm/u_sha256/round_reg[2]/Q                       -       CLK->Q F     DFFSR         10 275.5   810  1028    1028    (-,-) 
  u_crypto_fsm/u_sha256/g59401/Y                             -       A->Y   R     NAND2X1       13 384.4  1098   993    2020    (-,-) 
  u_crypto_fsm/u_sha256/g59388/Y                             -       A->Y   F     INVX2          7 200.4   478   399    2419    (-,-) 
  u_crypto_fsm/u_sha256/g59259/Y                             -       B->Y   R     NAND2X1       12 366.3  1058   831    3250    (-,-) 
  u_crypto_fsm/u_sha256/g59070/Y                             -       B->Y   F     NOR2X1         6 157.0   599   643    3894    (-,-) 
  u_crypto_fsm/u_sha256/g58721/Y                             -       B->Y   R     NAND2X1        3  69.9   332   341    4234    (-,-) 
  u_crypto_fsm/u_sha256/g58553/Y                             -       C->Y   F     OAI21X1        2  43.7   207   136    4371    (-,-) 
  u_crypto_fsm/u_sha256/g58508/Y                             -       C->Y   R     AOI21X1        1  21.4   276   106    4476    (-,-) 
  u_crypto_fsm/u_sha256/g58369/Y                             -       A->Y   F     NAND2X1        3  87.8   230   169    4646    (-,-) 
  u_crypto_fsm/u_sha256/WALLACE_CSA_DUMMY_OP1_groupi_g7203/Y -       B->Y   R     NAND2X1        1  21.6   157   135    4781    (-,-) 
  u_crypto_fsm/u_sha256/WALLACE_CSA_DUMMY_OP1_groupi_g7143/Y -       C->Y   F     OAI21X1        2  54.5   235   140    4920    (-,-) 
  u_crypto_fsm/u_sha256/WALLACE_CSA_DUMMY_OP1_groupi_g6966/Y -       B->Y   R     OAI21X1        3  82.3   288   249    5170    (-,-) 
  u_crypto_fsm/u_sha256/WALLACE_CSA_DUMMY_OP1_groupi_g6902/Y -       B->Y   F     NOR2X1         1  32.9   196   181    5350    (-,-) 
  u_crypto_fsm/u_sha256/WALLACE_CSA_DUMMY_OP1_groupi_g6799/Y -       B->Y   R     OAI21X1        3  76.2   257   228    5578    (-,-) 
  u_crypto_fsm/u_sha256/g67667/Y                             -       C->Y   F     OAI21X1        1  21.4   161    92    5670    (-,-) 
  u_crypto_fsm/u_sha256/g67666/Y                             -       A->Y   R     NAND2X1        3  76.2   249   229    5899    (-,-) 
  u_crypto_fsm/u_sha256/g67665/Y                             -       C->Y   F     OAI21X1        1  21.4   162    92    5991    (-,-) 
  u_crypto_fsm/u_sha256/g67664/Y                             -       A->Y   R     NAND2X1        3  86.8   275   248    6238    (-,-) 
  u_crypto_fsm/u_sha256/WALLACE_CSA_DUMMY_OP1_groupi_g6553/Y -       B->Y   F     NAND2X1        1  21.6   122    76    6314    (-,-) 
  u_crypto_fsm/u_sha256/WALLACE_CSA_DUMMY_OP1_groupi_g6552/Y -       C->Y   R     OAI21X1        7 196.8   576   432    6747    (-,-) 
  u_crypto_fsm/u_sha256/WALLACE_CSA_DUMMY_OP3_groupi_g3628/Y -       B->Y   F     NAND2X1        1  21.6   188    69    6816    (-,-) 
  u_crypto_fsm/u_sha256/WALLACE_CSA_DUMMY_OP3_groupi_g3596/Y -       C->Y   R     OAI21X1        3  87.6   331   254    7070    (-,-) 
  u_crypto_fsm/u_sha256/WALLACE_CSA_DUMMY_OP3_groupi_g3557/Y -       B->Y   F     NAND2X1        2  43.2   173   124    7194    (-,-) 
  u_crypto_fsm/u_sha256/g67716/Y                             -       B->Y   R     NAND2X1        3  75.1   246   217    7411    (-,-) 
  u_crypto_fsm/u_sha256/g67715/Y                             -       C->Y   F     OAI21X1        1  21.4   154    92    7503    (-,-) 
  u_crypto_fsm/u_sha256/g67714/Y                             -       A->Y   R     NAND2X1        3  75.1   246   225    7728    (-,-) 
  u_crypto_fsm/u_sha256/g67713/Y                             -       C->Y   F     OAI21X1        1  21.4   168    92    7820    (-,-) 
  u_crypto_fsm/u_sha256/g67712/Y                             -       A->Y   R     NAND2X1        3  76.2   249   231    8051    (-,-) 
  u_crypto_fsm/u_sha256/g67711/Y                             -       C->Y   F     OAI21X1        1  21.4   154    92    8143    (-,-) 
  u_crypto_fsm/u_sha256/g67710/Y                             -       A->Y   R     NAND2X1        3  76.2   248   226    8369    (-,-) 
  u_crypto_fsm/u_sha256/g67709/Y                             -       C->Y   F     OAI21X1        1  21.4   154    92    8461    (-,-) 
  u_crypto_fsm/u_sha256/g67708/Y                             -       A->Y   R     NAND2X1        3  76.2   248   226    8688    (-,-) 
  u_crypto_fsm/u_sha256/g67707/Y                             -       C->Y   F     OAI21X1        1  21.4   154    92    8780    (-,-) 
  u_crypto_fsm/u_sha256/g67706/Y                             -       A->Y   R     NAND2X1        3  76.2   248   226    9006    (-,-) 
  u_crypto_fsm/u_sha256/g67705/Y                             -       C->Y   F     OAI21X1        1  21.4   168    92    9098    (-,-) 
  u_crypto_fsm/u_sha256/g67704/Y                             -       A->Y   R     NAND2X1        3  76.2   249   231    9329    (-,-) 
  u_crypto_fsm/u_sha256/g67703/Y                             -       C->Y   F     OAI21X1        1  21.4   154    92    9421    (-,-) 
  u_crypto_fsm/u_sha256/g67702/Y                             -       A->Y   R     NAND2X1        3  76.2   248   226    9648    (-,-) 
  u_crypto_fsm/u_sha256/g67701/Y                             -       C->Y   F     OAI21X1        1  21.4   168    92    9740    (-,-) 
  u_crypto_fsm/u_sha256/g67700/Y                             -       A->Y   R     NAND2X1        3  76.2   249   231    9971    (-,-) 
  u_crypto_fsm/u_sha256/g67699/Y                             -       C->Y   F     OAI21X1        1  21.4   154    92   10063    (-,-) 
  u_crypto_fsm/u_sha256/g67698/Y                             -       A->Y   R     NAND2X1        3  76.2   248   226   10289    (-,-) 
  u_crypto_fsm/u_sha256/g67697/Y                             -       C->Y   F     OAI21X1        1  21.4   168    92   10381    (-,-) 
  u_crypto_fsm/u_sha256/g67696/Y                             -       A->Y   R     NAND2X1        3  76.2   249   231   10612    (-,-) 
  u_crypto_fsm/u_sha256/g67695/Y                             -       C->Y   F     OAI21X1        1  21.4   154    92   10704    (-,-) 
  u_crypto_fsm/u_sha256/g67694/Y                             -       A->Y   R     NAND2X1        3  76.2   248   226   10931    (-,-) 
  u_crypto_fsm/u_sha256/WALLACE_CSA_DUMMY_OP3_groupi_g3410/Y -       C->Y   F     OAI21X1        2  43.3   189   130   11061    (-,-) 
  u_crypto_fsm/u_sha256/g67693/Y                             -       A->Y   F     AND2X2         1  32.3    77   215   11276    (-,-) 
  u_crypto_fsm/u_sha256/g67692/Y                             -       A->Y   R     OAI21X1        3  76.2   257   204   11480    (-,-) 
  u_crypto_fsm/u_sha256/g67691/Y                             -       C->Y   F     OAI21X1        1  21.4   164    92   11572    (-,-) 
  u_crypto_fsm/u_sha256/g67690/Y                             -       A->Y   R     NAND2X1        3  76.2   249   230   11801    (-,-) 
  u_crypto_fsm/u_sha256/g67689/Y                             -       C->Y   F     OAI21X1        1  21.4   153    92   11893    (-,-) 
  u_crypto_fsm/u_sha256/g67688/Y                             -       A->Y   R     NAND2X1        3  76.2   248   226   12120    (-,-) 
  u_crypto_fsm/u_sha256/g67687/Y                             -       C->Y   F     OAI21X1        1  21.4   164    92   12212    (-,-) 
  u_crypto_fsm/u_sha256/g67686/Y                             -       A->Y   R     NAND2X1        3  76.2   249   230   12441    (-,-) 
  u_crypto_fsm/u_sha256/g67685/Y                             -       C->Y   F     OAI21X1        1  21.4   153    92   12533    (-,-) 
  u_crypto_fsm/u_sha256/g67684/Y                             -       A->Y   R     NAND2X1        3  76.2   248   226   12760    (-,-) 
  u_crypto_fsm/u_sha256/g67683/Y                             -       C->Y   F     OAI21X1        1  21.4   164    92   12852    (-,-) 
  u_crypto_fsm/u_sha256/g67682/Y                             -       A->Y   R     NAND2X1        3  76.2   249   230   13081    (-,-) 
  u_crypto_fsm/u_sha256/g67681/Y                             -       C->Y   F     OAI21X1        1  21.4   153    92   13173    (-,-) 
  u_crypto_fsm/u_sha256/g67680/Y                             -       A->Y   R     NAND2X1        3  76.2   248   226   13400    (-,-) 
  u_crypto_fsm/u_sha256/WALLACE_CSA_DUMMY_OP3_groupi_g3379/Y -       C->Y   F     OAI21X1        2  43.3   188   130   13530    (-,-) 
  u_crypto_fsm/u_sha256/g67679/Y                             -       A->Y   F     AND2X2         1  32.3    78   215   13745    (-,-) 
  u_crypto_fsm/u_sha256/g67678/Y                             -       A->Y   R     OAI21X1        3  76.2   257   204   13948    (-,-) 
  u_crypto_fsm/u_sha256/g67677/Y                             -       C->Y   F     OAI21X1        1  21.4   168    92   14040    (-,-) 
  u_crypto_fsm/u_sha256/g67676/Y                             -       A->Y   R     NAND2X1        3  76.2   249   231   14271    (-,-) 
  u_crypto_fsm/u_sha256/g67675/Y                             -       C->Y   F     OAI21X1        1  21.4   154    92   14363    (-,-) 
  u_crypto_fsm/u_sha256/g67674/Y                             -       A->Y   R     NAND2X1        3  76.2   248   226   14590    (-,-) 
  u_crypto_fsm/u_sha256/g67673/Y                             -       C->Y   F     OAI21X1        1  21.4   153    92   14682    (-,-) 
  u_crypto_fsm/u_sha256/g67672/Y                             -       A->Y   R     NAND2X1        3  76.2   248   226   14908    (-,-) 
  u_crypto_fsm/u_sha256/g67671/Y                             -       C->Y   F     OAI21X1        1  21.4   154    92   15000    (-,-) 
  u_crypto_fsm/u_sha256/g67670/Y                             -       A->Y   R     NAND2X1        3  76.2   248   226   15227    (-,-) 
  u_crypto_fsm/u_sha256/g67669/Y                             -       C->Y   F     OAI21X1        1  21.4   153    92   15319    (-,-) 
  u_crypto_fsm/u_sha256/g67668/Y                             -       A->Y   R     NAND2X1        2  54.6   194   189   15507    (-,-) 
  u_crypto_fsm/u_sha256/WALLACE_CSA_DUMMY_OP3_groupi_g3353/Y -       B->Y   F     NAND2X1        1  21.6   107    76   15584    (-,-) 
  u_crypto_fsm/u_sha256/WALLACE_CSA_DUMMY_OP3_groupi_g3352/Y -       C->Y   R     OAI21X1        1  21.6   138   107   15691    (-,-) 
  u_crypto_fsm/u_sha256/g65570/Y                             -       B->Y   F     NAND2X1        1  32.9   293    93   15784    (-,-) 
  u_crypto_fsm/u_sha256/g64344/Y                             -       B->Y   R     OAI21X1        1  16.1   397   156   15940    (-,-) 
  u_crypto_fsm/u_sha256/a_reg[31]/D                          <<<     -      R     DFFSR          1     -     -     0   15940    (-,-) 
#-------------------------------------------------------------------------------------------------------------------------------------

