============================================================
  Generated by:           Genus(TM) Synthesis Solution 23.14-s090_1
  Generated on:           Jul 22 2026  01:21:21 pm
  Module:                 chip_top
  Operating conditions:   typical (balanced_tree)
  Wireload mode:          enclosed
  Area mode:              timing library
============================================================


Path 1: MET (2336 ps) Setup Check with Pin u_crypto_fsm/u_sha256/a_reg[31]/CLK->D
          Group: clk
     Startpoint: (R) u_crypto_fsm/u_sha256/round_reg[5]/CLK
          Clock: (R) clk
       Endpoint: (R) u_crypto_fsm/u_sha256/a_reg[31]/D
          Clock: (R) clk

                     Capture       Launch     
        Clock Edge:+   18182            0     
       Src Latency:+       0            0     
       Net Latency:+       0 (I)        0 (I) 
           Arrival:=   18182            0     
                                              
             Setup:-     220                  
     Required Time:=   17962                  
      Launch Clock:-       0                  
         Data Path:-   15625                  
             Slack:=    2336                  

#-------------------------------------------------------------------------------------------------------------------------------------
#                       Timing Point                         Flags    Arc   Edge   Cell     Fanout  Load Trans Delay Arrival Instance 
#                                                                                                   (fF)  (ps)  (ps)   (ps)  Location 
#-------------------------------------------------------------------------------------------------------------------------------------
  u_crypto_fsm/u_sha256/round_reg[5]/CLK                     -       -      R     (arrival)   2985     -     0     0       0    (-,-) 
  u_crypto_fsm/u_sha256/round_reg[5]/Q                       -       CLK->Q R     DFFSR          1  16.1    68   410     410    (-,-) 
  u_crypto_fsm/u_sha256/g66699/Y                             -       A->Y   R     BUFX2         22 600.9   787   668    1078    (-,-) 
  u_crypto_fsm/u_sha256/g59404/Y                             -       A->Y   F     INVX2         22 591.9   821   764    1842    (-,-) 
  u_crypto_fsm/u_sha256/g59264/Y                             -       A->Y   R     NAND2X1       10 307.1   899   862    2704    (-,-) 
  u_crypto_fsm/u_sha256/g59250/Y                             -       A->Y   F     INVX2         17 454.5   697   644    3348    (-,-) 
  u_crypto_fsm/u_sha256/g58873/Y                             -       A->Y   R     NAND2X1        2  37.5   259   331    3679    (-,-) 
  u_crypto_fsm/u_sha256/g67198/Y                             -       B->Y   R     AND2X2         1  21.6    72   139    3818    (-,-) 
  u_crypto_fsm/u_sha256/g58324/Y                             -       C->Y   F     OAI21X1        1  27.6   313    88    3906    (-,-) 
  u_crypto_fsm/u_sha256/g58252/Y                             -       A->Y   F     OR2X1          1  27.6   117   203    4109    (-,-) 
  u_crypto_fsm/u_sha256/g58242/Y                             -       C->Y   R     AOI21X1        1  27.1   240   100    4208    (-,-) 
  u_crypto_fsm/u_sha256/g58210/Y                             -       C->Y   F     NAND3X1        4 131.0   302   226    4434    (-,-) 
  u_crypto_fsm/u_sha256/WALLACE_CSA_DUMMY_OP1_groupi_g7646/Y -       A->Y   R     INVX2          1  32.1   118   116    4550    (-,-) 
  u_crypto_fsm/u_sha256/WALLACE_CSA_DUMMY_OP1_groupi_g7596/Y -       A->Y   F     MUX2X1         2  54.5   254   156    4706    (-,-) 
  u_crypto_fsm/u_sha256/WALLACE_CSA_DUMMY_OP1_groupi_g7353/Y -       B->Y   R     NAND2X1        1  21.6   135   141    4848    (-,-) 
  u_crypto_fsm/u_sha256/WALLACE_CSA_DUMMY_OP1_groupi_g7335/Y -       C->Y   F     OAI21X1        3  87.8   268   182    5029    (-,-) 
  u_crypto_fsm/u_sha256/WALLACE_CSA_DUMMY_OP1_groupi_g7169/Y -       B->Y   R     NAND2X1        1  21.6   173   145    5174    (-,-) 
  u_crypto_fsm/u_sha256/WALLACE_CSA_DUMMY_OP1_groupi_g7104/Y -       C->Y   F     OAI21X1        2  54.5   242   142    5316    (-,-) 
  u_crypto_fsm/u_sha256/WALLACE_CSA_DUMMY_OP1_groupi_g7042/Y -       B->Y   R     NAND2X1        1  21.6   145   138    5454    (-,-) 
  u_crypto_fsm/u_sha256/WALLACE_CSA_DUMMY_OP1_groupi_g7013/Y -       C->Y   F     OAI21X1        3  87.4   263   183    5637    (-,-) 
  u_crypto_fsm/u_sha256/WALLACE_CSA_DUMMY_OP1_groupi_g6938/Y -       B->Y   R     NAND2X1        2  43.2   188   187    5824    (-,-) 
  u_crypto_fsm/u_sha256/WALLACE_CSA_DUMMY_OP1_groupi_g6927/Y -       C->Y   F     OAI21X1        2  54.5   215   144    5968    (-,-) 
  u_crypto_fsm/u_sha256/WALLACE_CSA_DUMMY_OP1_groupi_g6893/Y -       B->Y   R     NAND2X1        1  21.6   120   132    6100    (-,-) 
  u_crypto_fsm/u_sha256/WALLACE_CSA_DUMMY_OP1_groupi_g6892/Y -       C->Y   F     OAI21X1        7 196.4   480   324    6424    (-,-) 
  u_crypto_fsm/u_sha256/WALLACE_CSA_DUMMY_OP3_groupi_g3592/Y -       B->Y   R     OAI21X1        3  87.6   331   332    6756    (-,-) 
  u_crypto_fsm/u_sha256/WALLACE_CSA_DUMMY_OP3_groupi_g3553/Y -       B->Y   F     NAND2X1        2  43.2   173   124    6880    (-,-) 
  u_crypto_fsm/u_sha256/g67302/Y                             -       B->Y   R     NAND2X1        3  75.1   246   217    7097    (-,-) 
  u_crypto_fsm/u_sha256/g67301/Y                             -       C->Y   F     OAI21X1        1  21.4   154    92    7189    (-,-) 
  u_crypto_fsm/u_sha256/g67300/Y                             -       A->Y   R     NAND2X1        3  75.1   246   225    7413    (-,-) 
  u_crypto_fsm/u_sha256/g67299/Y                             -       C->Y   F     OAI21X1        1  21.4   154    92    7505    (-,-) 
  u_crypto_fsm/u_sha256/g67298/Y                             -       A->Y   R     NAND2X1        3  75.1   246   225    7730    (-,-) 
  u_crypto_fsm/u_sha256/g67297/Y                             -       C->Y   F     OAI21X1        1  21.4   154    92    7822    (-,-) 
  u_crypto_fsm/u_sha256/g67296/Y                             -       A->Y   R     NAND2X1        3  75.1   246   225    8046    (-,-) 
  u_crypto_fsm/u_sha256/g67295/Y                             -       C->Y   F     OAI21X1        1  21.4   154    92    8138    (-,-) 
  u_crypto_fsm/u_sha256/g67294/Y                             -       A->Y   R     NAND2X1        3  75.1   246   225    8363    (-,-) 
  u_crypto_fsm/u_sha256/g67293/Y                             -       C->Y   F     OAI21X1        1  21.4   154    92    8455    (-,-) 
  u_crypto_fsm/u_sha256/g67292/Y                             -       A->Y   R     NAND2X1        3  76.2   248   226    8682    (-,-) 
  u_crypto_fsm/u_sha256/g67291/Y                             -       C->Y   F     OAI21X1        1  21.4   168    92    8774    (-,-) 
  u_crypto_fsm/u_sha256/g67290/Y                             -       A->Y   R     NAND2X1        3  76.2   249   231    9005    (-,-) 
  u_crypto_fsm/u_sha256/g67289/Y                             -       C->Y   F     OAI21X1        1  21.4   154    92    9097    (-,-) 
  u_crypto_fsm/u_sha256/g67288/Y                             -       A->Y   R     NAND2X1        3  76.2   248   226    9323    (-,-) 
  u_crypto_fsm/u_sha256/g67287/Y                             -       C->Y   F     OAI21X1        1  21.4   168    92    9415    (-,-) 
  u_crypto_fsm/u_sha256/g67286/Y                             -       A->Y   R     NAND2X1        3  76.2   249   231    9646    (-,-) 
  u_crypto_fsm/u_sha256/g67285/Y                             -       C->Y   F     OAI21X1        1  21.4   154    92    9738    (-,-) 
  u_crypto_fsm/u_sha256/g67284/Y                             -       A->Y   R     NAND2X1        3  76.2   248   226    9965    (-,-) 
  u_crypto_fsm/u_sha256/g67283/Y                             -       C->Y   F     OAI21X1        1  21.4   168    92   10057    (-,-) 
  u_crypto_fsm/u_sha256/g67282/Y                             -       A->Y   R     NAND2X1        3  76.2   249   231   10288    (-,-) 
  u_crypto_fsm/u_sha256/g67281/Y                             -       C->Y   F     OAI21X1        1  21.4   154    92   10380    (-,-) 
  u_crypto_fsm/u_sha256/g67280/Y                             -       A->Y   R     NAND2X1        3  76.2   248   226   10606    (-,-) 
  u_crypto_fsm/u_sha256/WALLACE_CSA_DUMMY_OP3_groupi_g3406/Y -       C->Y   F     OAI21X1        2  43.3   189   130   10737    (-,-) 
  u_crypto_fsm/u_sha256/g67279/Y                             -       A->Y   F     AND2X2         1  32.3    77   215   10951    (-,-) 
  u_crypto_fsm/u_sha256/g67278/Y                             -       A->Y   R     OAI21X1        3  76.2   257   204   11155    (-,-) 
  u_crypto_fsm/u_sha256/g67277/Y                             -       C->Y   F     OAI21X1        1  21.4   164    92   11247    (-,-) 
  u_crypto_fsm/u_sha256/g67276/Y                             -       A->Y   R     NAND2X1        3  76.2   249   230   11477    (-,-) 
  u_crypto_fsm/u_sha256/g67275/Y                             -       C->Y   F     OAI21X1        1  21.4   153    92   11569    (-,-) 
  u_crypto_fsm/u_sha256/g67274/Y                             -       A->Y   R     NAND2X1        3  76.2   248   226   11795    (-,-) 
  u_crypto_fsm/u_sha256/g67273/Y                             -       C->Y   F     OAI21X1        1  21.4   164    92   11887    (-,-) 
  u_crypto_fsm/u_sha256/g67272/Y                             -       A->Y   R     NAND2X1        3  76.2   249   230   12117    (-,-) 
  u_crypto_fsm/u_sha256/g67271/Y                             -       C->Y   F     OAI21X1        1  21.4   153    92   12209    (-,-) 
  u_crypto_fsm/u_sha256/g67270/Y                             -       A->Y   R     NAND2X1        3  76.2   248   226   12435    (-,-) 
  u_crypto_fsm/u_sha256/g67269/Y                             -       C->Y   F     OAI21X1        1  21.4   164    92   12527    (-,-) 
  u_crypto_fsm/u_sha256/g67268/Y                             -       A->Y   R     NAND2X1        3  76.2   249   230   12756    (-,-) 
  u_crypto_fsm/u_sha256/g67267/Y                             -       C->Y   F     OAI21X1        1  21.4   153    92   12848    (-,-) 
  u_crypto_fsm/u_sha256/g67266/Y                             -       A->Y   R     NAND2X1        3  76.2   248   226   13075    (-,-) 
  u_crypto_fsm/u_sha256/WALLACE_CSA_DUMMY_OP3_groupi_g3375/Y -       C->Y   F     OAI21X1        2  43.3   189   130   13205    (-,-) 
  u_crypto_fsm/u_sha256/g67265/Y                             -       A->Y   F     AND2X2         1  32.3    78   215   13420    (-,-) 
  u_crypto_fsm/u_sha256/g67264/Y                             -       A->Y   R     OAI21X1        3  76.2   257   204   13624    (-,-) 
  u_crypto_fsm/u_sha256/g67263/Y                             -       C->Y   F     OAI21X1        1  21.4   168    92   13716    (-,-) 
  u_crypto_fsm/u_sha256/g67262/Y                             -       A->Y   R     NAND2X1        3  76.2   249   231   13947    (-,-) 
  u_crypto_fsm/u_sha256/g67261/Y                             -       C->Y   F     OAI21X1        1  21.4   154    92   14039    (-,-) 
  u_crypto_fsm/u_sha256/g67260/Y                             -       A->Y   R     NAND2X1        3  76.2   248   226   14265    (-,-) 
  u_crypto_fsm/u_sha256/g67259/Y                             -       C->Y   F     OAI21X1        1  21.4   154    92   14357    (-,-) 
  u_crypto_fsm/u_sha256/g67258/Y                             -       A->Y   R     NAND2X1        3  76.2   248   226   14584    (-,-) 
  u_crypto_fsm/u_sha256/g67257/Y                             -       C->Y   F     OAI21X1        1  21.4   154    92   14676    (-,-) 
  u_crypto_fsm/u_sha256/g67256/Y                             -       A->Y   R     NAND2X1        3  76.2   248   226   14902    (-,-) 
  u_crypto_fsm/u_sha256/g67255/Y                             -       C->Y   F     OAI21X1        1  21.4   154    92   14994    (-,-) 
  u_crypto_fsm/u_sha256/g67254/Y                             -       A->Y   R     NAND2X1        2  54.6   194   189   15183    (-,-) 
  u_crypto_fsm/u_sha256/WALLACE_CSA_DUMMY_OP3_groupi_g3349/Y -       B->Y   F     NAND2X1        1  21.6   107    76   15259    (-,-) 
  u_crypto_fsm/u_sha256/WALLACE_CSA_DUMMY_OP3_groupi_g3348/Y -       C->Y   R     OAI21X1        1  21.6   138   107   15366    (-,-) 
  u_crypto_fsm/u_sha256/g65597/Y                             -       B->Y   F     NAND2X1        1  32.9   334    93   15459    (-,-) 
  u_crypto_fsm/u_sha256/g64262/Y                             -       B->Y   R     OAI21X1        1  16.1   409   166   15625    (-,-) 
  u_crypto_fsm/u_sha256/a_reg[31]/D                          <<<     -      R     DFFSR          1     -     -     0   15625    (-,-) 
#-------------------------------------------------------------------------------------------------------------------------------------

