============================================================
  Generated by:           Genus(TM) Synthesis Solution 23.14-s090_1
  Generated on:           Jul 22 2026  01:25:25 pm
  Module:                 chip_top
  Operating conditions:   typical (balanced_tree)
  Wireload mode:          enclosed
  Area mode:              timing library
============================================================

                                
  Gate   Instances     Area           Library      
---------------------------------------------------
AND2X1           6     1728.000    etri05_stdcells 
AND2X2          48    13824.000    etri05_stdcells 
AOI21X1        429   123552.000    etri05_stdcells 
AOI22X1       2308   830880.000    etri05_stdcells 
BUFX2           13     2808.000    etri05_stdcells 
BUFX4           60    17280.000    etri05_stdcells 
DFFSR         2985  4728240.000    etri05_stdcells 
INVX1          774   111456.000    etri05_stdcells 
INVX2         2586   372384.000    etri05_stdcells 
INVX4           16     3456.000    etri05_stdcells 
INVX8           45    16200.000    etri05_stdcells 
MUX2X1         882   381024.000    etri05_stdcells 
NAND2X1       3473   750168.000    etri05_stdcells 
NAND3X1         72    23328.000    etri05_stdcells 
NOR2X1         472   101952.000    etri05_stdcells 
OAI21X1       4373   905211.000    etri05_stdcells 
OAI22X1        251    90360.000    etri05_stdcells 
OR2X1           17     4896.000    etri05_stdcells 
OR2X2           46    13248.000    etri05_stdcells 
---------------------------------------------------
total        18856  8491995.000                    


                                            
     Type      Instances     Area    Area % 
--------------------------------------------
sequential          2985 4728240.000   55.7 
inverter            3421  503496.000    5.9 
buffer                73   20088.000    0.2 
logic              12377 3240171.000   38.2 
physical_cells         0       0.000    0.0 
--------------------------------------------
total              18856 8491995.000  100.0 

