============================================================
  Generated by:           Genus(TM) Synthesis Solution 23.14-s090_1
  Generated on:           Jul 22 2026  01:21:22 pm
  Module:                 chip_top
  Operating conditions:   typical (balanced_tree)
  Wireload mode:          enclosed
  Area mode:              timing library
============================================================

                                
  Gate   Instances     Area           Library      
---------------------------------------------------
AND2X1           7     2016.000    etri05_stdcells 
AND2X2          42    12096.000    etri05_stdcells 
AOI21X1        396   114048.000    etri05_stdcells 
AOI22X1       2479   892440.000    etri05_stdcells 
BUFX2           11     2376.000    etri05_stdcells 
BUFX4           32     9216.000    etri05_stdcells 
DFFSR         2985  4728240.000    etri05_stdcells 
INVX1          422    60768.000    etri05_stdcells 
INVX2         2839   408816.000    etri05_stdcells 
INVX4           11     2376.000    etri05_stdcells 
INVX8           61    21960.000    etri05_stdcells 
MUX2X1         719   310608.000    etri05_stdcells 
NAND2X1       3685   795960.000    etri05_stdcells 
NAND3X1         71    23004.000    etri05_stdcells 
NOR2X1         426    92016.000    etri05_stdcells 
NOR3X1           1      576.000    etri05_stdcells 
OAI21X1       4241   877887.000    etri05_stdcells 
OAI22X1        286   102960.000    etri05_stdcells 
OR2X1           11     3168.000    etri05_stdcells 
OR2X2           38    10944.000    etri05_stdcells 
---------------------------------------------------
total        18763  8471475.000                    


                                            
     Type      Instances     Area    Area % 
--------------------------------------------
sequential          2985 4728240.000   55.8 
inverter            3333  493920.000    5.8 
buffer                43   11592.000    0.1 
logic              12402 3237723.000   38.2 
physical_cells         0       0.000    0.0 
--------------------------------------------
total              18763 8471475.000  100.0 

