============================================================
  Generated by:           Genus(TM) Synthesis Solution 23.14-s090_1
  Generated on:           Jul 22 2026  01:25:24 pm
  Module:                 chip_top
  Operating conditions:   typical (balanced_tree)
  Wireload mode:          enclosed
  Area mode:              timing library
============================================================


Path 1: MET (820 ps) Setup Check with Pin u_crypto_fsm/u_sha256/a_reg[31]/CLK->D
          Group: clk
     Startpoint: (R) u_crypto_fsm/u_sha256/round_reg[2]/CLK
          Clock: (R) clk
       Endpoint: (R) u_crypto_fsm/u_sha256/a_reg[31]/D
          Clock: (R) clk

                     Capture       Launch     
        Clock Edge:+   16667            0     
       Src Latency:+       0            0     
       Net Latency:+       0 (I)        0 (I) 
           Arrival:=   16667            0     
                                              
             Setup:-     222                  
     Required Time:=   16445                  
      Launch Clock:-       0                  
         Data Path:-   15626                  
             Slack:=     820                  

#-------------------------------------------------------------------------------------------------------------------------------------
#                       Timing Point                         Flags    Arc   Edge   Cell     Fanout  Load Trans Delay Arrival Instance 
#                                                                                                   (fF)  (ps)  (ps)   (ps)  Location 
#-------------------------------------------------------------------------------------------------------------------------------------
  u_crypto_fsm/u_sha256/round_reg[2]/CLK                     -       -      R     (arrival)   2985     -     0     0       0    (-,-) 
  u_crypto_fsm/u_sha256/round_reg[2]/Q                       -       CLK->Q F     DFFSR          9 243.4   718   957     957    (-,-) 
  u_crypto_fsm/u_sha256/g57622/Y                             -       A->Y   R     NAND2X1        9 259.0   771   741    1698    (-,-) 
  u_crypto_fsm/u_sha256/g57608/Y                             -       A->Y   F     INVX1         12 328.2   988   918    2616    (-,-) 
  u_crypto_fsm/u_sha256/g57452/Y                             -       A->Y   R     NAND2X1        4 126.0   511   601    3217    (-,-) 
  u_crypto_fsm/u_sha256/g57331/Y                             -       A->Y   F     INVX2          6 162.9   297   279    3496    (-,-) 
  u_crypto_fsm/u_sha256/g57232/Y                             -       B->Y   R     NAND2X1        2  48.7   249   209    3705    (-,-) 
  u_crypto_fsm/u_sha256/g56716/Y                             -       C->Y   F     NAND3X1        1  27.6   153    72    3777    (-,-) 
  u_crypto_fsm/u_sha256/g56653/Y                             -       B->Y   R     NOR2X1         1  21.6   133    96    3873    (-,-) 
  u_crypto_fsm/u_sha256/g56629/Y                             -       C->Y   F     OAI21X1        1  27.6   159    95    3968    (-,-) 
  u_crypto_fsm/u_sha256/g56588/Y                             -       C->Y   R     AOI21X1        1  21.6   220    99    4068    (-,-) 
  u_crypto_fsm/u_sha256/g56554/Y                             -       B->Y   F     NAND2X1        4 108.8   264   221    4289    (-,-) 
  u_crypto_fsm/u_sha256/WALLACE_CSA_DUMMY_OP1_groupi_g7408/Y -       A->Y   R     NAND2X1        1  21.6   136   167    4456    (-,-) 
  u_crypto_fsm/u_sha256/WALLACE_CSA_DUMMY_OP1_groupi_g7373/Y -       C->Y   F     OAI21X1        3  87.1   263   181    4636    (-,-) 
  u_crypto_fsm/u_sha256/WALLACE_CSA_DUMMY_OP1_groupi_g7246/Y -       A->Y   R     MUX2X1         2  60.9   240   214    4851    (-,-) 
  u_crypto_fsm/u_sha256/WALLACE_CSA_DUMMY_OP1_groupi_g7215/Y -       A->Y   F     INVX2          1  27.6    96    83    4934    (-,-) 
  u_crypto_fsm/u_sha256/WALLACE_CSA_DUMMY_OP1_groupi_g7181/Y -       B->Y   R     NOR2X1         2  60.0   205   150    5084    (-,-) 
  u_crypto_fsm/u_sha256/WALLACE_CSA_DUMMY_OP1_groupi_g7166/Y -       A->Y   F     INVX2          1  21.6    81    74    5158    (-,-) 
  u_crypto_fsm/u_sha256/WALLACE_CSA_DUMMY_OP1_groupi_g7063/Y -       C->Y   R     OAI21X1        3  86.7   286   221    5379    (-,-) 
  u_crypto_fsm/u_sha256/WALLACE_CSA_DUMMY_OP1_groupi_g7032/Y -       A->Y   F     INVX2          1  32.3   112    91    5470    (-,-) 
  u_crypto_fsm/u_sha256/WALLACE_CSA_DUMMY_OP1_groupi_g6965/Y -       A->Y   R     OAI21X1        2  65.3   245   191    5661    (-,-) 
  u_crypto_fsm/u_sha256/WALLACE_CSA_DUMMY_OP1_groupi_g6939/Y -       A->Y   F     INVX2          2  65.1   136   127    5788    (-,-) 
  u_crypto_fsm/u_sha256/WALLACE_CSA_DUMMY_OP1_groupi_g6873/Y -       B->Y   R     OAI21X1        3  87.8   285   230    6017    (-,-) 
  u_crypto_fsm/u_sha256/WALLACE_CSA_DUMMY_OP1_groupi_g6872/Y -       A->Y   F     INVX2          1  32.9   112    92    6109    (-,-) 
  u_crypto_fsm/u_sha256/WALLACE_CSA_DUMMY_OP1_groupi_g6869/Y -       B->Y   R     OAI21X1        3  76.2   268   205    6314    (-,-) 
  u_crypto_fsm/u_sha256/g65892/Y                             -       C->Y   F     OAI21X1        1  21.4   164    92    6406    (-,-) 
  u_crypto_fsm/u_sha256/g65891/Y                             -       A->Y   R     NAND2X1        3  76.2   249   230    6636    (-,-) 
  u_crypto_fsm/u_sha256/g65890/Y                             -       C->Y   F     OAI21X1        1  21.4   164    92    6728    (-,-) 
  u_crypto_fsm/u_sha256/g65889/Y                             -       A->Y   R     NAND2X1        3  76.2   249   230    6958    (-,-) 
  u_crypto_fsm/u_sha256/g65888/Y                             -       C->Y   F     OAI21X1        1  21.4   164    92    7050    (-,-) 
  u_crypto_fsm/u_sha256/g65887/Y                             -       A->Y   R     NAND2X1        4 102.9   316   276    7326    (-,-) 
  u_crypto_fsm/u_sha256/WALLACE_CSA_DUMMY_OP1_groupi_g6853/Y -       B->Y   F     AOI21X1        2  69.2   249   227    7553    (-,-) 
  u_crypto_fsm/u_sha256/WALLACE_CSA_DUMMY_OP1_groupi_g6848/Y -       B->Y   R     OAI21X1        3  76.2   264   244    7797    (-,-) 
  u_crypto_fsm/u_sha256/g65886/Y                             -       C->Y   F     OAI21X1        1  21.4   164    92    7889    (-,-) 
  u_crypto_fsm/u_sha256/g65885/Y                             -       A->Y   R     NAND2X1        3  76.2   249   230    8119    (-,-) 
  u_crypto_fsm/u_sha256/g65884/Y                             -       C->Y   F     OAI21X1        1  21.4   164    92    8211    (-,-) 
  u_crypto_fsm/u_sha256/g65883/Y                             -       A->Y   R     NAND2X1        3  76.2   249   230    8441    (-,-) 
  u_crypto_fsm/u_sha256/g65882/Y                             -       C->Y   F     OAI21X1        1  21.4   164    92    8533    (-,-) 
  u_crypto_fsm/u_sha256/g65881/Y                             -       A->Y   R     NAND2X1        3  76.2   249   230    8763    (-,-) 
  u_crypto_fsm/u_sha256/g65880/Y                             -       C->Y   F     OAI21X1        1  21.4   164    92    8855    (-,-) 
  u_crypto_fsm/u_sha256/g65879/Y                             -       A->Y   R     NAND2X1        3  76.2   249   230    9084    (-,-) 
  u_crypto_fsm/u_sha256/g65878/Y                             -       C->Y   F     OAI21X1        1  21.4   164    92    9176    (-,-) 
  u_crypto_fsm/u_sha256/g65877/Y                             -       A->Y   R     NAND2X1        4 120.0   362   307    9484    (-,-) 
  u_crypto_fsm/u_sha256/WALLACE_CSA_DUMMY_OP1_groupi_g6827/Y -       A->Y   F     INVX2          1  32.9   131    97    9581    (-,-) 
  u_crypto_fsm/u_sha256/WALLACE_CSA_DUMMY_OP1_groupi_g6823/Y -       B->Y   R     OAI21X1        2  54.6   219   175    9756    (-,-) 
  u_crypto_fsm/u_sha256/WALLACE_CSA_DUMMY_OP1_groupi_g6822/Y -       B->Y   F     NAND2X1        1  21.6   111    76    9832    (-,-) 
  u_crypto_fsm/u_sha256/WALLACE_CSA_DUMMY_OP1_groupi_g6820/Y -       C->Y   R     OAI21X1        7 191.5   561   420   10252    (-,-) 
  u_crypto_fsm/u_sha256/WALLACE_CSA_DUMMY_OP3_groupi_g3591/Y -       B->Y   F     NAND2X1        1  21.6   185    70   10322    (-,-) 
  u_crypto_fsm/u_sha256/WALLACE_CSA_DUMMY_OP3_groupi_g3587/Y -       C->Y   R     OAI21X1        3  82.3   318   244   10566    (-,-) 
  u_crypto_fsm/u_sha256/WALLACE_CSA_DUMMY_OP3_groupi_g3526/Y -       B->Y   F     NOR2X1         2  60.5   257   255   10821    (-,-) 
  u_crypto_fsm/u_sha256/WALLACE_CSA_DUMMY_OP3_groupi_g3463/Y -       B->Y   R     OAI21X1        1  27.7   167   167   10988    (-,-) 
  u_crypto_fsm/u_sha256/WALLACE_CSA_DUMMY_OP3_groupi_g3399/Y -       C->Y   F     AOI21X1        2  69.2   249   245   11233    (-,-) 
  u_crypto_fsm/u_sha256/WALLACE_CSA_DUMMY_OP3_groupi_g3394/Y -       B->Y   R     OAI21X1        3  76.2   264   244   11477    (-,-) 
  u_crypto_fsm/u_sha256/g65914/Y                             -       C->Y   F     OAI21X1        1  21.4   153    92   11569    (-,-) 
  u_crypto_fsm/u_sha256/g65913/Y                             -       A->Y   R     NAND2X1        3  76.2   248   226   11796    (-,-) 
  u_crypto_fsm/u_sha256/g65912/Y                             -       C->Y   F     OAI21X1        1  21.4   167    92   11888    (-,-) 
  u_crypto_fsm/u_sha256/g65911/Y                             -       A->Y   R     NAND2X1        3  76.2   249   231   12118    (-,-) 
  u_crypto_fsm/u_sha256/g65910/Y                             -       C->Y   F     OAI21X1        1  21.4   153    92   12210    (-,-) 
  u_crypto_fsm/u_sha256/g65909/Y                             -       A->Y   R     NAND2X1        3  76.2   248   226   12437    (-,-) 
  u_crypto_fsm/u_sha256/g65908/Y                             -       C->Y   F     OAI21X1        1  21.4   164    92   12529    (-,-) 
  u_crypto_fsm/u_sha256/g65907/Y                             -       A->Y   R     NAND2X1        3  76.2   249   230   12758    (-,-) 
  u_crypto_fsm/u_sha256/g65906/Y                             -       C->Y   F     OAI21X1        1  21.4   153    92   12850    (-,-) 
  u_crypto_fsm/u_sha256/g65905/Y                             -       A->Y   R     NAND2X1        3  76.2   248   226   13077    (-,-) 
  u_crypto_fsm/u_sha256/WALLACE_CSA_DUMMY_OP3_groupi_g3372/Y -       C->Y   F     OAI21X1        2  43.3   189   130   13207    (-,-) 
  u_crypto_fsm/u_sha256/g65904/Y                             -       A->Y   F     AND2X2         1  32.3    77   215   13422    (-,-) 
  u_crypto_fsm/u_sha256/g65903/Y                             -       A->Y   R     OAI21X1        3  76.2   257   204   13626    (-,-) 
  u_crypto_fsm/u_sha256/g65902/Y                             -       C->Y   F     OAI21X1        1  21.4   164    92   13718    (-,-) 
  u_crypto_fsm/u_sha256/g65901/Y                             -       A->Y   R     NAND2X1        3  76.2   249   230   13947    (-,-) 
  u_crypto_fsm/u_sha256/g65900/Y                             -       C->Y   F     OAI21X1        1  21.4   153    92   14039    (-,-) 
  u_crypto_fsm/u_sha256/g65899/Y                             -       A->Y   R     NAND2X1        3  76.2   248   226   14266    (-,-) 
  u_crypto_fsm/u_sha256/g65898/Y                             -       C->Y   F     OAI21X1        1  21.4   153    92   14358    (-,-) 
  u_crypto_fsm/u_sha256/g65897/Y                             -       A->Y   R     NAND2X1        3  76.2   248   226   14584    (-,-) 
  u_crypto_fsm/u_sha256/g65896/Y                             -       C->Y   F     OAI21X1        1  21.4   153    92   14676    (-,-) 
  u_crypto_fsm/u_sha256/g65895/Y                             -       A->Y   R     NAND2X1        3  76.2   248   226   14902    (-,-) 
  u_crypto_fsm/u_sha256/g65894/Y                             -       C->Y   F     OAI21X1        1  21.4   153    92   14994    (-,-) 
  u_crypto_fsm/u_sha256/g65893/Y                             -       A->Y   R     NAND2X1        2  54.6   194   189   15183    (-,-) 
  u_crypto_fsm/u_sha256/WALLACE_CSA_DUMMY_OP3_groupi_g3346/Y -       B->Y   F     NAND2X1        1  21.6   107    76   15259    (-,-) 
  u_crypto_fsm/u_sha256/WALLACE_CSA_DUMMY_OP3_groupi_g3345/Y -       C->Y   R     OAI21X1        1  21.6   138   107   15367    (-,-) 
  u_crypto_fsm/u_sha256/g64283/Y                             -       B->Y   F     NAND2X1        1  32.9   335    93   15459    (-,-) 
  u_crypto_fsm/u_sha256/g62990/Y                             -       B->Y   R     OAI21X1        1  16.1   399   166   15626    (-,-) 
  u_crypto_fsm/u_sha256/a_reg[31]/D                          <<<     -      R     DFFSR          1     -     -     0   15626    (-,-) 
#-------------------------------------------------------------------------------------------------------------------------------------

