============================================================
  Generated by:           Genus(TM) Synthesis Solution 23.14-s090_1
  Generated on:           Jul 22 2026  01:49:04 pm
  Module:                 chip_top
  Operating conditions:   typical (balanced_tree)
  Wireload mode:          enclosed
  Area mode:              timing library
============================================================

                                
  Gate   Instances     Area           Library      
---------------------------------------------------
AND2X1           8     2304.000    etri05_stdcells 
AND2X2          92    26496.000    etri05_stdcells 
AOI21X1        315    90720.000    etri05_stdcells 
AOI22X1       2648   953280.000    etri05_stdcells 
BUFX2            2      432.000    etri05_stdcells 
BUFX4           45    12960.000    etri05_stdcells 
DFFSR         2985  4728240.000    etri05_stdcells 
INVX1          936   134784.000    etri05_stdcells 
INVX2         2639   380016.000    etri05_stdcells 
INVX4           11     2376.000    etri05_stdcells 
INVX8           62    22320.000    etri05_stdcells 
MUX2X1         723   312336.000    etri05_stdcells 
NAND2X1       3447   744552.000    etri05_stdcells 
NAND3X1        141    45684.000    etri05_stdcells 
NOR2X1         583   125928.000    etri05_stdcells 
NOR3X1           3     1728.000    etri05_stdcells 
OAI21X1       4190   867330.000    etri05_stdcells 
OAI22X1        217    78120.000    etri05_stdcells 
OR2X1           14     4032.000    etri05_stdcells 
OR2X2           46    13248.000    etri05_stdcells 
---------------------------------------------------
total        19107  8546886.000                    


                                            
     Type      Instances     Area    Area % 
--------------------------------------------
sequential          2985 4728240.000   55.3 
inverter            3648  539496.000    6.3 
buffer                47   13392.000    0.2 
logic              12427 3265758.000   38.2 
physical_cells         0       0.000    0.0 
--------------------------------------------
total              19107 8546886.000  100.0 

