============================================================
  Generated by:           Genus(TM) Synthesis Solution 23.14-s090_1
  Generated on:           Jul 22 2026  02:30:30 pm
  Module:                 chip_top
  Operating conditions:   typical (balanced_tree)
  Wireload mode:          enclosed
  Area mode:              timing library
============================================================


Path 1: VIOLATED (-157 ps) Setup Check with Pin u_crypto_fsm/u_sha256/a_reg[31]/CLK->D
          Group: clk
     Startpoint: (R) u_crypto_fsm/u_sha256/round_reg[3]/CLK
          Clock: (R) clk
       Endpoint: (R) u_crypto_fsm/u_sha256/a_reg[31]/D
          Clock: (R) clk

                     Capture       Launch     
        Clock Edge:+    5714            0     
       Src Latency:+       0            0     
       Net Latency:+       0 (I)        0 (I) 
           Arrival:=    5714            0     
                                              
             Setup:-     214                  
     Required Time:=    5500                  
      Launch Clock:-       0                  
         Data Path:-    5658                  
             Slack:=    -157                  

#-------------------------------------------------------------------------------------------------------------------------------
#                    Timing Point                      Flags    Arc   Edge   Cell     Fanout  Load Trans Delay Arrival Instance 
#                                                                                             (fF)  (ps)  (ps)   (ps)  Location 
#-------------------------------------------------------------------------------------------------------------------------------
  u_crypto_fsm/u_sha256/round_reg[3]/CLK               -       -      R     (arrival)   2985     -     0     0       0    (-,-) 
  u_crypto_fsm/u_sha256/round_reg[3]/Q                 -       CLK->Q F     DFFSR          1  33.3   113   493     493    (-,-) 
  u_crypto_fsm/u_sha256/fopt71916/Y                    -       A->Y   R     INVX2          5 130.7   183   164     657    (-,-) 
  u_crypto_fsm/u_sha256/fopt71913/Y                    -       A->Y   F     INVX2          2  43.1    98    96     752    (-,-) 
  u_crypto_fsm/u_sha256/g66354/Y                       -       A->Y   R     NOR2X1         2  37.7   128   119     871    (-,-) 
  u_crypto_fsm/u_sha256/g66181/Y                       -       A->Y   R     AND2X2        10 209.5   287   316    1187    (-,-) 
  u_crypto_fsm/u_sha256/g65990/Y                       -       B->Y   F     NAND2X1        2  37.8   153   110    1298    (-,-) 
  u_crypto_fsm/u_sha256/g65579/Y                       -       A->Y   F     AND2X2         3  59.2   108   234    1531    (-,-) 
  u_crypto_fsm/u_sha256/g65461/Y                       -       A->Y   F     AND2X2         3  70.1   122   233    1764    (-,-) 
  u_crypto_fsm/u_sha256/g65302/Y                       -       C->Y   R     NAND3X1        1  26.8   183   126    1890    (-,-) 
  u_crypto_fsm/u_sha256/g65204/Y                       -       A->Y   F     NOR2X1         1  21.6   143   171    2061    (-,-) 
  u_crypto_fsm/u_sha256/g65176/Y                       -       B->Y   R     NAND2X1        3  48.3   177   161    2222    (-,-) 
  u_crypto_fsm/u_sha256/fopt71839/Y                    -       A->Y   R     BUFX2          2  54.6   102   219    2441    (-,-) 
  u_crypto_fsm/u_sha256/csa_tree_fac_g4908/Y           -       B->Y   F     OAI21X1        1  21.7   172    84    2526    (-,-) 
  u_crypto_fsm/u_sha256/csa_tree_fac_g4854/Y           -       A->Y   F     AND2X2         4  97.8   152   282    2808    (-,-) 
  u_crypto_fsm/u_sha256/fopt72344/Y                    -       A->Y   R     INVX2          1  32.1    83    88    2895    (-,-) 
  u_crypto_fsm/u_sha256/csa_tree_fac_g4539/Y           -       A->Y   F     MUX2X1         4  97.7   277   220    3116    (-,-) 
  u_crypto_fsm/u_sha256/fopt71901/Y                    -       A->Y   R     INVX2          1  32.1   112   111    3227    (-,-) 
  u_crypto_fsm/u_sha256/csa_tree_fac623_groupi_g6520/Y -       B->Y   F     MUX2X1         3  81.7   271   206    3432    (-,-) 
  u_crypto_fsm/u_sha256/csa_tree_fac623_groupi_g6493/Y -       A->Y   R     INVX2          1  32.1   111   110    3542    (-,-) 
  u_crypto_fsm/u_sha256/csa_tree_fac623_groupi_g6403/Y -       A->Y   F     MUX2X1         2  65.6   238   173    3715    (-,-) 
  u_crypto_fsm/u_sha256/csa_tree_fac623_groupi_g6387/Y -       A->Y   R     INVX2          1  32.1   103   105    3820    (-,-) 
  u_crypto_fsm/u_sha256/csa_tree_fac623_groupi_g6281/Y -       A->Y   F     MUX2X1         2  37.5   180   129    3948    (-,-) 
  u_crypto_fsm/u_sha256/csa_tree_fac623_groupi_g6183/Y -       A->Y   R     NAND2X1        4  96.5   300   270    4218    (-,-) 
  u_crypto_fsm/u_sha256/csa_tree_fac623_groupi_g6079/Y -       A->Y   F     AOI21X1        1  21.6   163   115    4333    (-,-) 
  u_crypto_fsm/u_sha256/csa_tree_fac623_groupi_g6046/Y -       C->Y   R     OAI21X1        3  58.9   214   195    4528    (-,-) 
  u_crypto_fsm/u_sha256/csa_tree_fac623_groupi_g6028/Y -       A->Y   F     NAND2X1        1  21.7   110    62    4590    (-,-) 
  u_crypto_fsm/u_sha256/csa_tree_fac623_groupi_g6010/Y -       A->Y   F     AND2X2         2  98.8   153   264    4854    (-,-) 
  u_crypto_fsm/u_sha256/csa_tree_fac623_groupi_g6009/Y -       A->Y   R     INVX4          7 220.7   163   158    5012    (-,-) 
  u_crypto_fsm/u_sha256/csa_tree_fac623_groupi_g5988/Y -       A->Y   F     AOI21X1        1  27.2   138   119    5131    (-,-) 
  u_crypto_fsm/u_sha256/csa_tree_fac623_groupi_g5921/Y -       C->Y   R     NAND3X1        1  36.4   197   149    5281    (-,-) 
  u_crypto_fsm/u_sha256/csa_tree_fac623_groupi_g5912/Y -       S->Y   R     MUX2X1         1  21.4   150   226    5507    (-,-) 
  u_crypto_fsm/u_sha256/g70116/Y                       -       A->Y   F     NAND2X1        1  21.6    94    65    5571    (-,-) 
  u_crypto_fsm/u_sha256/g72313/Y                       -       B->Y   R     NAND2X1        1  16.1    90    86    5658    (-,-) 
  u_crypto_fsm/u_sha256/a_reg[31]/D                    <<<     -      R     DFFSR          1     -     -     0    5658    (-,-) 
#-------------------------------------------------------------------------------------------------------------------------------

