============================================================
  Generated by:           Genus(TM) Synthesis Solution 23.14-s090_1
  Generated on:           Jul 22 2026  01:49:03 pm
  Module:                 chip_top
  Operating conditions:   typical (balanced_tree)
  Wireload mode:          enclosed
  Area mode:              timing library
============================================================


Path 1: MET (103 ps) Setup Check with Pin u_crypto_fsm/u_sha256/a_reg[31]/CLK->D
          Group: clk
     Startpoint: (R) u_crypto_fsm/u_sha256/round_reg[0]/CLK
          Clock: (R) clk
       Endpoint: (R) u_crypto_fsm/u_sha256/a_reg[31]/D
          Clock: (R) clk

                     Capture       Launch     
        Clock Edge:+   10000            0     
       Src Latency:+       0            0     
       Net Latency:+       0 (I)        0 (I) 
           Arrival:=   10000            0     
                                              
             Setup:-     229                  
     Required Time:=    9771                  
      Launch Clock:-       0                  
         Data Path:-    9668                  
             Slack:=     103                  

#------------------------------------------------------------------------------------------------------------------------------
#                    Timing Point                     Flags    Arc   Edge   Cell     Fanout  Load Trans Delay Arrival Instance 
#                                                                                            (fF)  (ps)  (ps)   (ps)  Location 
#------------------------------------------------------------------------------------------------------------------------------
  u_crypto_fsm/u_sha256/round_reg[0]/CLK              -       -      R     (arrival)   2985     -     0     0       0    (-,-) 
  u_crypto_fsm/u_sha256/round_reg[0]/Q                -       CLK->Q F     DFFSR         10 279.6   822  1037    1037    (-,-) 
  u_crypto_fsm/u_sha256/g65148/Y                      -       A->Y   R     INVX2          3  75.0   264   252    1289    (-,-) 
  u_crypto_fsm/u_sha256/g64885/Y                      -       A->Y   F     NOR2X1         7 183.7   604   549    1838    (-,-) 
  u_crypto_fsm/u_sha256/g64780/Y                      -       A->Y   R     INVX2          5 135.8   288   297    2135    (-,-) 
  u_crypto_fsm/u_sha256/g64607/Y                      -       A->Y   F     NOR2X1         3  87.3   350   344    2480    (-,-) 
  u_crypto_fsm/u_sha256/g64502/Y                      -       A->Y   R     INVX2          3  75.2   170   173    2653    (-,-) 
  u_crypto_fsm/u_sha256/g64348/Y                      -       B->Y   R     AND2X2         2  48.5   101   165    2818    (-,-) 
  u_crypto_fsm/u_sha256/g64280/Y                      -       A->Y   R     AND2X2         4  97.0   150   215    3033    (-,-) 
  u_crypto_fsm/u_sha256/g64120/Y                      -       B->Y   F     NAND2X1        1  27.0   105    84    3117    (-,-) 
  u_crypto_fsm/u_sha256/g64088/Y                      -       A->Y   R     NOR2X1         1  26.9   146   101    3218    (-,-) 
  u_crypto_fsm/u_sha256/g64001/Y                      -       B->Y   F     NAND3X1        4 120.0   267   200    3417    (-,-) 
  u_crypto_fsm/u_sha256/csa_tree_fac_g5282/Y          -       A->Y   R     INVX2          1  32.1   110   110    3527    (-,-) 
  u_crypto_fsm/u_sha256/csa_tree_fac_g5225/Y          -       B->Y   F     MUX2X1         2  54.5   250   165    3692    (-,-) 
  u_crypto_fsm/u_sha256/csa_tree_fac_g4957/Y          -       B->Y   R     NAND2X1        1  21.6   149   140    3832    (-,-) 
  u_crypto_fsm/u_sha256/csa_tree_fac_g4929/Y          -       C->Y   F     OAI21X1        3  98.4   296   198    4030    (-,-) 
  u_crypto_fsm/u_sha256/csa_tree_fac_g4899/Y          -       A->Y   R     INVX2          2  65.1   148   150    4180    (-,-) 
  u_crypto_fsm/u_sha256/csa_tree_fac_g4695/Y          -       B->Y   F     MUX2X1         6 163.3   431   326    4507    (-,-) 
  u_crypto_fsm/u_sha256/csa_tree_fac95_groupi_g5774/Y -       B->Y   R     NAND2X1        1  21.6   151   185    4692    (-,-) 
  u_crypto_fsm/u_sha256/csa_tree_fac95_groupi_g5743/Y -       C->Y   F     OAI21X1        3  99.1   286   200    4892    (-,-) 
  u_crypto_fsm/u_sha256/csa_tree_fac95_groupi_g5725/Y -       A->Y   R     INVX2          2  66.2   147   149    5041    (-,-) 
  u_crypto_fsm/u_sha256/csa_tree_fac95_groupi_g5670/Y -       D->Y   F     OAI22X1        2  54.5   298   158    5199    (-,-) 
  u_crypto_fsm/u_sha256/csa_tree_fac95_groupi_g5559/Y -       B->Y   R     OAI21X1        3  82.3   290   268    5468    (-,-) 
  u_crypto_fsm/u_sha256/csa_tree_fac95_groupi_g5531/Y -       B->Y   F     NOR2X1         2  60.5   264   248    5716    (-,-) 
  u_crypto_fsm/u_sha256/csa_tree_fac95_groupi_g5422/Y -       B->Y   R     OAI21X1        1  27.7   169   169    5885    (-,-) 
  u_crypto_fsm/u_sha256/csa_tree_fac95_groupi_g5395/Y -       C->Y   F     AOI21X1        2  69.2   247   246    6130    (-,-) 
  u_crypto_fsm/u_sha256/csa_tree_fac95_groupi_g5388/Y -       B->Y   R     OAI21X1        3  76.2   264   243    6373    (-,-) 
  u_crypto_fsm/u_sha256/g73435/Y                      -       C->Y   F     OAI21X1        1  21.4   158    92    6466    (-,-) 
  u_crypto_fsm/u_sha256/g73434/Y                      -       A->Y   R     NAND2X1        5 130.0   389   323    6788    (-,-) 
  u_crypto_fsm/u_sha256/csa_tree_fac95_groupi_g5381/Y -       C->Y   F     NAND3X1        1  27.2   166    67    6856    (-,-) 
  u_crypto_fsm/u_sha256/csa_tree_fac95_groupi_g5376/Y -       C->Y   R     NAND3X1        4 102.9   374   278    7134    (-,-) 
  u_crypto_fsm/u_sha256/csa_tree_fac95_groupi_g5367/Y -       B->Y   F     AOI21X1        2  69.2   263   238    7372    (-,-) 
  u_crypto_fsm/u_sha256/csa_tree_fac95_groupi_g5361/Y -       B->Y   R     OAI21X1        3  76.2   267   248    7619    (-,-) 
  u_crypto_fsm/u_sha256/g73433/Y                      -       C->Y   F     OAI21X1        1  21.4   160    92    7712    (-,-) 
  u_crypto_fsm/u_sha256/g73432/Y                      -       A->Y   R     NAND2X1        5 130.0   389   324    8035    (-,-) 
  u_crypto_fsm/u_sha256/csa_tree_fac95_groupi_g5355/Y -       C->Y   F     NAND3X1        2  54.5   210   124    8159    (-,-) 
  u_crypto_fsm/u_sha256/csa_tree_fac95_groupi_g5348/Y -       B->Y   R     OAI21X1        4 103.3   325   275    8434    (-,-) 
  u_crypto_fsm/u_sha256/csa_tree_fac95_groupi_g5339/Y -       C->Y   F     NAND3X1        1  27.2   152    69    8503    (-,-) 
  u_crypto_fsm/u_sha256/csa_tree_fac95_groupi_g5335/Y -       C->Y   R     NAND3X1        4 102.9   374   274    8777    (-,-) 
  u_crypto_fsm/u_sha256/csa_tree_fac95_groupi_g5319/Y -       B->Y   F     AOI21X1        2  69.2   263   238    9015    (-,-) 
  u_crypto_fsm/u_sha256/csa_tree_fac95_groupi_g5310/Y -       B->Y   R     OAI21X1        2  54.6   221   213    9228    (-,-) 
  u_crypto_fsm/u_sha256/csa_tree_fac95_groupi_g5307/Y -       B->Y   F     NAND2X1        1  21.6   109    76    9304    (-,-) 
  u_crypto_fsm/u_sha256/csa_tree_fac95_groupi_g5306/Y -       C->Y   R     OAI21X1        1  21.6   140   108    9412    (-,-) 
  u_crypto_fsm/u_sha256/g71604/Y                      -       B->Y   F     NAND2X1        1  32.9   320    93    9505    (-,-) 
  u_crypto_fsm/u_sha256/g70313/Y                      -       B->Y   R     OAI21X1        1  16.1   348   163    9668    (-,-) 
  u_crypto_fsm/u_sha256/a_reg[31]/D                   <<<     -      R     DFFSR          1     -     -     0    9668    (-,-) 
#------------------------------------------------------------------------------------------------------------------------------

