============================================================
  Generated by:           Genus(TM) Synthesis Solution 23.14-s090_1
  Generated on:           Jul 22 2026  01:44:49 pm
  Module:                 chip_top
  Operating conditions:   typical (balanced_tree)
  Wireload mode:          enclosed
  Area mode:              timing library
============================================================


Path 1: MET (2 ps) Setup Check with Pin u_crypto_fsm/u_sha256/a_reg[31]/CLK->D
          Group: clk
     Startpoint: (R) u_crypto_fsm/u_sha256/round_reg[6]/CLK
          Clock: (R) clk
       Endpoint: (R) u_crypto_fsm/u_sha256/a_reg[31]/D
          Clock: (R) clk

                     Capture       Launch     
        Clock Edge:+   13333            0     
       Src Latency:+       0            0     
       Net Latency:+       0 (I)        0 (I) 
           Arrival:=   13333            0     
                                              
             Setup:-     225                  
     Required Time:=   13108                  
      Launch Clock:-       0                  
         Data Path:-   13106                  
             Slack:=       2                  

#-------------------------------------------------------------------------------------------------------------------------------------
#                       Timing Point                         Flags    Arc   Edge   Cell     Fanout  Load Trans Delay Arrival Instance 
#                                                                                                   (fF)  (ps)  (ps)   (ps)  Location 
#-------------------------------------------------------------------------------------------------------------------------------------
  u_crypto_fsm/u_sha256/round_reg[6]/CLK                     -       -      R     (arrival)   2985     -     0     0       0    (-,-) 
  u_crypto_fsm/u_sha256/round_reg[6]/Q                       -       CLK->Q F     DFFSR         10 315.4   925  1116    1116    (-,-) 
  u_crypto_fsm/u_sha256/g57416/Y                             -       A->Y   R     INVX4          6 128.6   268   249    1365    (-,-) 
  u_crypto_fsm/u_sha256/g57298/Y                             -       B->Y   F     NAND2X1        3  87.9   305   197    1561    (-,-) 
  u_crypto_fsm/u_sha256/g57285/Y                             -       A->Y   R     INVX2         13 355.6   481   413    1975    (-,-) 
  u_crypto_fsm/u_sha256/g57106/Y                             -       A->Y   R     AND2X2        14 388.7   520   496    2470    (-,-) 
  u_crypto_fsm/u_sha256/g56924/Y                             -       B->Y   F     NAND2X1        7 218.8   557   432    2902    (-,-) 
  u_crypto_fsm/u_sha256/g56537/Y                             -       B->Y   R     NAND2X1        2  48.3   234   283    3185    (-,-) 
  u_crypto_fsm/u_sha256/g56234/Y                             -       B->Y   F     AOI21X1        1  21.6   165   136    3321    (-,-) 
  u_crypto_fsm/u_sha256/g56207/Y                             -       B->Y   R     NAND2X1        4 115.5   357   287    3608    (-,-) 
  u_crypto_fsm/u_sha256/WALLACE_CSA_DUMMY_OP1_groupi_g7391/Y -       A->Y   R     OR2X1          1  32.2   119   244    3852    (-,-) 
  u_crypto_fsm/u_sha256/WALLACE_CSA_DUMMY_OP1_groupi_g7235/Y -       B->Y   F     AOI22X1        3  70.6   308   214    4065    (-,-) 
  u_crypto_fsm/u_sha256/WALLACE_CSA_DUMMY_OP1_groupi_g7049/Y -       B->Y   R     NAND2X1        1  21.6   147   155    4220    (-,-) 
  u_crypto_fsm/u_sha256/WALLACE_CSA_DUMMY_OP1_groupi_g7016/Y -       C->Y   F     OAI21X1        2  65.5   244   153    4373    (-,-) 
  u_crypto_fsm/u_sha256/WALLACE_CSA_DUMMY_OP1_groupi_g6921/Y -       A->Y   R     MUX2X1         2  49.3   211   193    4566    (-,-) 
  u_crypto_fsm/u_sha256/WALLACE_CSA_DUMMY_OP1_groupi_g6812/Y -       B->Y   F     NOR2X1         2  49.0   219   204    4769    (-,-) 
  u_crypto_fsm/u_sha256/WALLACE_CSA_DUMMY_OP1_groupi_g6745/Y -       B->Y   R     OAI21X1        3  87.8   285   253    5022    (-,-) 
  u_crypto_fsm/u_sha256/WALLACE_CSA_DUMMY_OP1_groupi_g6721/Y -       A->Y   F     INVX2          1  32.9   112    92    5114    (-,-) 
  u_crypto_fsm/u_sha256/WALLACE_CSA_DUMMY_OP1_groupi_g6661/Y -       B->Y   R     OAI21X1        3  87.8   286   223    5338    (-,-) 
  u_crypto_fsm/u_sha256/WALLACE_CSA_DUMMY_OP1_groupi_g6660/Y -       A->Y   F     INVX2          1  32.9   112    92    5430    (-,-) 
  u_crypto_fsm/u_sha256/WALLACE_CSA_DUMMY_OP1_groupi_g6656/Y -       B->Y   R     OAI21X1        3  87.8   286   223    5653    (-,-) 
  u_crypto_fsm/u_sha256/WALLACE_CSA_DUMMY_OP1_groupi_g6655/Y -       A->Y   F     INVX2          1  32.9   112    92    5745    (-,-) 
  u_crypto_fsm/u_sha256/WALLACE_CSA_DUMMY_OP1_groupi_g6649/Y -       B->Y   R     OAI21X1        3  87.8   286   223    5968    (-,-) 
  u_crypto_fsm/u_sha256/WALLACE_CSA_DUMMY_OP1_groupi_g6648/Y -       A->Y   F     INVX2          1  32.9   112    92    6060    (-,-) 
  u_crypto_fsm/u_sha256/WALLACE_CSA_DUMMY_OP1_groupi_g6645/Y -       B->Y   R     OAI21X1        3  87.8   286   223    6284    (-,-) 
  u_crypto_fsm/u_sha256/WALLACE_CSA_DUMMY_OP1_groupi_g6644/Y -       A->Y   F     INVX2          1  32.9   112    92    6376    (-,-) 
  u_crypto_fsm/u_sha256/WALLACE_CSA_DUMMY_OP1_groupi_g6641/Y -       B->Y   R     OAI21X1        4 103.3   325   248    6624    (-,-) 
  u_crypto_fsm/u_sha256/WALLACE_CSA_DUMMY_OP1_groupi_g6640/Y -       C->Y   F     NAND3X1        1  27.2   152    69    6693    (-,-) 
  u_crypto_fsm/u_sha256/WALLACE_CSA_DUMMY_OP1_groupi_g6636/Y -       C->Y   R     NAND3X1        3  76.2   302   226    6920    (-,-) 
  u_crypto_fsm/u_sha256/g66140/Y                             -       C->Y   F     OAI21X1        1  21.4   161    93    7012    (-,-) 
  u_crypto_fsm/u_sha256/g66139/Y                             -       A->Y   R     NAND2X1        3  87.8   278   249    7261    (-,-) 
  u_crypto_fsm/u_sha256/WALLACE_CSA_DUMMY_OP1_groupi_g6626/Y -       A->Y   F     INVX2          1  32.9   110    91    7353    (-,-) 
  u_crypto_fsm/u_sha256/WALLACE_CSA_DUMMY_OP1_groupi_g6620/Y -       B->Y   R     OAI21X1        3  87.8   286   223    7576    (-,-) 
  u_crypto_fsm/u_sha256/WALLACE_CSA_DUMMY_OP1_groupi_g6619/Y -       A->Y   F     INVX2          1  32.9   112    92    7668    (-,-) 
  u_crypto_fsm/u_sha256/WALLACE_CSA_DUMMY_OP1_groupi_g6614/Y -       B->Y   R     OAI21X1        3  76.2   257   205    7872    (-,-) 
  u_crypto_fsm/u_sha256/g66138/Y                             -       C->Y   F     OAI21X1        1  21.4   164    92    7965    (-,-) 
  u_crypto_fsm/u_sha256/g66137/Y                             -       A->Y   R     NAND2X1        5 130.0   389   325    8289    (-,-) 
  u_crypto_fsm/u_sha256/WALLACE_CSA_DUMMY_OP1_groupi_g6608/Y -       C->Y   F     NAND3X1        1  27.2   166    67    8357    (-,-) 
  u_crypto_fsm/u_sha256/WALLACE_CSA_DUMMY_OP1_groupi_g6602/Y -       C->Y   R     NAND3X1        4 120.0   420   309    8665    (-,-) 
  u_crypto_fsm/u_sha256/WALLACE_CSA_DUMMY_OP1_groupi_g6593/Y -       B->Y   F     AOI21X1        3  87.4   302   277    8942    (-,-) 
  u_crypto_fsm/u_sha256/WALLACE_CSA_DUMMY_OP1_groupi_g6586/Y -       B->Y   R     OAI21X1        3  76.2   274   260    9202    (-,-) 
  u_crypto_fsm/u_sha256/g66136/Y                             -       C->Y   F     OAI21X1        1  21.4   155    92    9294    (-,-) 
  u_crypto_fsm/u_sha256/g66135/Y                             -       A->Y   R     NAND2X1        3  76.2   249   227    9521    (-,-) 
  u_crypto_fsm/u_sha256/WALLACE_CSA_DUMMY_OP1_groupi_g6581/Y -       C->Y   F     OAI21X1        2  43.3   198   130    9652    (-,-) 
  u_crypto_fsm/u_sha256/g66134/Y                             -       A->Y   F     AND2X2         1  32.3    77   218    9869    (-,-) 
  u_crypto_fsm/u_sha256/g66133/Y                             -       A->Y   R     OAI21X1        3  76.2   257   204   10073    (-,-) 
  u_crypto_fsm/u_sha256/g66132/Y                             -       C->Y   F     OAI21X1        1  21.4   164    92   10165    (-,-) 
  u_crypto_fsm/u_sha256/g66131/Y                             -       A->Y   R     NAND2X1        3  76.2   249   230   10395    (-,-) 
  u_crypto_fsm/u_sha256/g66130/Y                             -       C->Y   F     OAI21X1        1  21.4   164    92   10487    (-,-) 
  u_crypto_fsm/u_sha256/g66129/Y                             -       A->Y   R     NAND2X1        3  76.2   249   230   10717    (-,-) 
  u_crypto_fsm/u_sha256/g66128/Y                             -       C->Y   F     OAI21X1        1  21.4   164    92   10809    (-,-) 
  u_crypto_fsm/u_sha256/g66127/Y                             -       A->Y   R     NAND2X1        3  76.2   249   230   11038    (-,-) 
  u_crypto_fsm/u_sha256/WALLACE_CSA_DUMMY_OP1_groupi_g6561/Y -       B->Y   F     NAND2X1        1  21.6   116    76   11114    (-,-) 
  u_crypto_fsm/u_sha256/WALLACE_CSA_DUMMY_OP1_groupi_g6560/Y -       C->Y   R     OAI21X1        7 191.5   561   421   11536    (-,-) 
  u_crypto_fsm/u_sha256/WALLACE_CSA_DUMMY_OP3_groupi_g3683/Y -       B->Y   F     NAND2X1        1  21.6   185    70   11605    (-,-) 
  u_crypto_fsm/u_sha256/WALLACE_CSA_DUMMY_OP3_groupi_g3642/Y -       C->Y   R     OAI21X1        2  49.3   256   184   11790    (-,-) 
  u_crypto_fsm/u_sha256/WALLACE_CSA_DUMMY_OP3_groupi_g3584/Y -       B->Y   F     NOR2X1         2  66.2   261   253   12043    (-,-) 
  u_crypto_fsm/u_sha256/WALLACE_CSA_DUMMY_OP3_groupi_g3514/Y -       B->Y   R     OAI21X1        1  27.7   168   168   12211    (-,-) 
  u_crypto_fsm/u_sha256/WALLACE_CSA_DUMMY_OP3_groupi_g3408/Y -       C->Y   F     AOI21X1        2  69.2   236   246   12457    (-,-) 
  u_crypto_fsm/u_sha256/WALLACE_CSA_DUMMY_OP3_groupi_g3401/Y -       B->Y   R     OAI21X1        2  54.6   215   205   12662    (-,-) 
  u_crypto_fsm/u_sha256/WALLACE_CSA_DUMMY_OP3_groupi_g3400/Y -       B->Y   F     NAND2X1        1  21.6   108    76   12738    (-,-) 
  u_crypto_fsm/u_sha256/WALLACE_CSA_DUMMY_OP3_groupi_g3399/Y -       C->Y   R     OAI21X1        1  21.6   140   108   12846    (-,-) 
  u_crypto_fsm/u_sha256/g64200/Y                             -       B->Y   F     NAND2X1        1  32.9   340    93   12938    (-,-) 
  u_crypto_fsm/u_sha256/g62872/Y                             -       B->Y   R     OAI21X1        1  16.1   377   168   13106    (-,-) 
  u_crypto_fsm/u_sha256/a_reg[31]/D                          <<<     -      R     DFFSR          1     -     -     0   13106    (-,-) 
#-------------------------------------------------------------------------------------------------------------------------------------

