============================================================
  Generated by:           Genus(TM) Synthesis Solution 23.14-s090_1
  Generated on:           Jul 22 2026  01:09:18 pm
  Module:                 chip_top
  Operating conditions:   typical (balanced_tree)
  Wireload mode:          enclosed
  Area mode:              timing library
============================================================


Path 1: MET (12344 ps) Setup Check with Pin u_crypto_fsm/u_sha256/e_reg[31]/CLK->D
          Group: clk
     Startpoint: (R) u_crypto_fsm/u_sha256/round_reg[6]/CLK
          Clock: (R) clk
       Endpoint: (R) u_crypto_fsm/u_sha256/e_reg[31]/D
          Clock: (R) clk

                     Capture       Launch     
        Clock Edge:+   28571            0     
       Src Latency:+       0            0     
       Net Latency:+       0 (I)        0 (I) 
           Arrival:=   28571            0     
                                              
             Setup:-     239                  
     Required Time:=   28332                  
      Launch Clock:-       0                  
         Data Path:-   15989                  
             Slack:=   12344                  

#-------------------------------------------------------------------------------------------------------------------------------------
#                       Timing Point                         Flags    Arc   Edge   Cell     Fanout  Load Trans Delay Arrival Instance 
#                                                                                                   (fF)  (ps)  (ps)   (ps)  Location 
#-------------------------------------------------------------------------------------------------------------------------------------
  u_crypto_fsm/u_sha256/round_reg[6]/CLK                     -       -      R     (arrival)   2985     -     0     0       0    (-,-) 
  u_crypto_fsm/u_sha256/round_reg[6]/Q                       -       CLK->Q R     DFFSR          7 199.3   555   740     740    (-,-) 
  u_crypto_fsm/u_sha256/g61061/Y                             -       A->Y   F     NOR2X1         7 178.4   612   613    1353    (-,-) 
  u_crypto_fsm/u_sha256/g61053/Y                             -       A->Y   R     INVX2          6 176.1   330   344    1696    (-,-) 
  u_crypto_fsm/u_sha256/g60931/Y                             -       B->Y   F     NOR2X1         9 245.3   778   667    2364    (-,-) 
  u_crypto_fsm/u_sha256/g60815/Y                             -       A->Y   R     INVX2          6 174.2   364   375    2739    (-,-) 
  u_crypto_fsm/u_sha256/g60639/Y                             -       B->Y   F     NOR2X1         7 185.4   705   544    3282    (-,-) 
  u_crypto_fsm/u_sha256/g60531/Y                             -       A->Y   R     INVX2          5 159.9   334   344    3626    (-,-) 
  u_crypto_fsm/u_sha256/g60435/Y                             -       B->Y   F     NOR2X1         5 158.8   657   478    4104    (-,-) 
  u_crypto_fsm/u_sha256/g60289/Y                             -       B->Y   R     NOR2X1         3  92.9   365   318    4422    (-,-) 
  u_crypto_fsm/u_sha256/g60097/Y                             -       B->Y   F     OAI21X1        3  87.8   465   196    4618    (-,-) 
  u_crypto_fsm/u_sha256/WALLACE_CSA_DUMMY_OP1_groupi_g7235/Y -       B->Y   R     NAND2X1        1  21.6   158   193    4811    (-,-) 
  u_crypto_fsm/u_sha256/WALLACE_CSA_DUMMY_OP1_groupi_g7159/Y -       C->Y   F     OAI21X1        2  54.5   235   140    4951    (-,-) 
  u_crypto_fsm/u_sha256/WALLACE_CSA_DUMMY_OP1_groupi_g7027/Y -       B->Y   R     NAND2X1        1  21.6   143   136    5087    (-,-) 
  u_crypto_fsm/u_sha256/WALLACE_CSA_DUMMY_OP1_groupi_g6973/Y -       C->Y   F     OAI21X1        3  82.1   256   175    5262    (-,-) 
  u_crypto_fsm/u_sha256/WALLACE_CSA_DUMMY_OP1_groupi_g6909/Y -       B->Y   R     NAND2X1        2  43.2   193   185    5447    (-,-) 
  u_crypto_fsm/u_sha256/WALLACE_CSA_DUMMY_OP1_groupi_g6826/Y -       C->Y   F     OAI21X1        2  54.5   217   144    5592    (-,-) 
  u_crypto_fsm/u_sha256/WALLACE_CSA_DUMMY_OP1_groupi_g6728/Y -       B->Y   R     OAI21X1        6 164.6   489   374    5966    (-,-) 
  u_crypto_fsm/u_sha256/add_315_28_g3235/Y                   -       B->Y   F     NOR2X1         1  32.9   239   218    6184    (-,-) 
  u_crypto_fsm/u_sha256/add_315_28_g3160/Y                   -       B->Y   R     OAI21X1        3  76.2   262   241    6425    (-,-) 
  u_crypto_fsm/u_sha256/g67714/Y                             -       C->Y   F     OAI21X1        1  21.4   202    92    6517    (-,-) 
  u_crypto_fsm/u_sha256/g67713/Y                             -       A->Y   R     NAND2X1        3  76.2   253   243    6760    (-,-) 
  u_crypto_fsm/u_sha256/g67712/Y                             -       C->Y   F     OAI21X1        1  21.4   186    92    6852    (-,-) 
  u_crypto_fsm/u_sha256/g67711/Y                             -       A->Y   R     NAND2X1        3  76.2   250   237    7089    (-,-) 
  u_crypto_fsm/u_sha256/g67710/Y                             -       C->Y   F     OAI21X1        1  21.4   186    92    7181    (-,-) 
  u_crypto_fsm/u_sha256/g67709/Y                             -       A->Y   R     NAND2X1        3  76.2   250   237    7418    (-,-) 
  u_crypto_fsm/u_sha256/g67708/Y                             -       C->Y   F     OAI21X1        1  21.4   186    92    7510    (-,-) 
  u_crypto_fsm/u_sha256/g67707/Y                             -       A->Y   R     NAND2X1        3  76.2   250   237    7747    (-,-) 
  u_crypto_fsm/u_sha256/g67706/Y                             -       C->Y   F     OAI21X1        1  21.4   228    92    7839    (-,-) 
  u_crypto_fsm/u_sha256/g67705/Y                             -       A->Y   R     NAND2X1        3  76.2   257   252    8091    (-,-) 
  u_crypto_fsm/u_sha256/g67704/Y                             -       C->Y   F     OAI21X1        1  21.4   202    92    8184    (-,-) 
  u_crypto_fsm/u_sha256/g67703/Y                             -       A->Y   R     NAND2X1        3  76.2   253   243    8426    (-,-) 
  u_crypto_fsm/u_sha256/g67702/Y                             -       C->Y   F     OAI21X1        1  21.4   186    92    8518    (-,-) 
  u_crypto_fsm/u_sha256/g67701/Y                             -       A->Y   R     NAND2X1        3  76.2   250   237    8755    (-,-) 
  u_crypto_fsm/u_sha256/g67700/Y                             -       C->Y   F     OAI21X1        1  21.4   219    92    8847    (-,-) 
  u_crypto_fsm/u_sha256/g67699/Y                             -       A->Y   R     NAND2X1        3  76.2   255   249    9096    (-,-) 
  u_crypto_fsm/u_sha256/g67698/Y                             -       C->Y   F     OAI21X1        1  21.4   186    92    9188    (-,-) 
  u_crypto_fsm/u_sha256/g67697/Y                             -       A->Y   R     NAND2X1        3  76.2   250   237    9425    (-,-) 
  u_crypto_fsm/u_sha256/g67696/Y                             -       C->Y   F     OAI21X1        1  21.4   219    92    9517    (-,-) 
  u_crypto_fsm/u_sha256/g67695/Y                             -       A->Y   R     NAND2X1        3  76.2   255   249    9766    (-,-) 
  u_crypto_fsm/u_sha256/g67694/Y                             -       C->Y   F     OAI21X1        1  21.4   186    92    9858    (-,-) 
  u_crypto_fsm/u_sha256/g67693/Y                             -       A->Y   R     NAND2X1        3  76.2   250   237   10095    (-,-) 
  u_crypto_fsm/u_sha256/g67692/Y                             -       C->Y   F     OAI21X1        1  21.4   186    92   10187    (-,-) 
  u_crypto_fsm/u_sha256/g67691/Y                             -       A->Y   R     NAND2X1        3  76.2   250   237   10424    (-,-) 
  u_crypto_fsm/u_sha256/g67690/Y                             -       C->Y   F     OAI21X1        1  21.4   186    92   10516    (-,-) 
  u_crypto_fsm/u_sha256/g67689/Y                             -       A->Y   R     NAND2X1        3  76.2   250   237   10753    (-,-) 
  u_crypto_fsm/u_sha256/g67688/Y                             -       C->Y   F     OAI21X1        1  21.4   186    92   10845    (-,-) 
  u_crypto_fsm/u_sha256/g67687/Y                             -       A->Y   R     NAND2X1        3  76.2   250   237   11082    (-,-) 
  u_crypto_fsm/u_sha256/add_315_28_g3097/Y                   -       C->Y   F     OAI21X1        2  43.3   220   131   11213    (-,-) 
  u_crypto_fsm/u_sha256/g67686/Y                             -       A->Y   F     AND2X2         1  32.3    80   225   11438    (-,-) 
  u_crypto_fsm/u_sha256/g67685/Y                             -       A->Y   R     OAI21X1        3  76.2   265   204   11642    (-,-) 
  u_crypto_fsm/u_sha256/g67684/Y                             -       C->Y   F     OAI21X1        1  21.4   186    92   11734    (-,-) 
  u_crypto_fsm/u_sha256/g67683/Y                             -       A->Y   R     NAND2X1        3  76.2   250   237   11971    (-,-) 
  u_crypto_fsm/u_sha256/g67682/Y                             -       C->Y   F     OAI21X1        1  21.4   186    92   12063    (-,-) 
  u_crypto_fsm/u_sha256/g67681/Y                             -       A->Y   R     NAND2X1        3  76.2   250   237   12300    (-,-) 
  u_crypto_fsm/u_sha256/add_315_28_g3081/Y                   -       C->Y   F     OAI21X1        2  43.3   258   131   12431    (-,-) 
  u_crypto_fsm/u_sha256/g67680/Y                             -       A->Y   F     AND2X2         1  32.3    80   236   12667    (-,-) 
  u_crypto_fsm/u_sha256/g67679/Y                             -       A->Y   R     OAI21X1        3  86.8   290   220   12888    (-,-) 
  u_crypto_fsm/u_sha256/add_315_28_g3257/Y                   -       B->Y   F     AOI21X1        2  66.2   238   217   13105    (-,-) 
  u_crypto_fsm/u_sha256/add_315_28_g3068/Y                   -       B->Y   R     OAI21X1        3  76.2   265   240   13345    (-,-) 
  u_crypto_fsm/u_sha256/add_315_28_g3066/Y                   -       C->Y   F     OAI21X1        2  43.3   216   132   13476    (-,-) 
  u_crypto_fsm/u_sha256/g67678/Y                             -       A->Y   F     AND2X2         1  32.3    80   223   13700    (-,-) 
  u_crypto_fsm/u_sha256/g67677/Y                             -       A->Y   R     OAI21X1        3  76.2   265   204   13903    (-,-) 
  u_crypto_fsm/u_sha256/g67676/Y                             -       C->Y   F     OAI21X1        1  21.4   186    92   13996    (-,-) 
  u_crypto_fsm/u_sha256/g67675/Y                             -       A->Y   R     NAND2X1        3  76.2   250   237   14233    (-,-) 
  u_crypto_fsm/u_sha256/g67674/Y                             -       C->Y   F     OAI21X1        1  21.4   228    92   14325    (-,-) 
  u_crypto_fsm/u_sha256/g67673/Y                             -       A->Y   R     NAND2X1        3  76.2   257   252   14577    (-,-) 
  u_crypto_fsm/u_sha256/g67672/Y                             -       C->Y   F     OAI21X1        1  21.4   202    92   14669    (-,-) 
  u_crypto_fsm/u_sha256/g67671/Y                             -       A->Y   R     NAND2X1        3  76.2   253   243   14912    (-,-) 
  u_crypto_fsm/u_sha256/g67670/Y                             -       C->Y   F     OAI21X1        1  21.4   180    92   15004    (-,-) 
  u_crypto_fsm/u_sha256/g67669/Y                             -       A->Y   R     NAND2X1        3  76.2   250   235   15239    (-,-) 
  u_crypto_fsm/u_sha256/g67668/Y                             -       C->Y   F     OAI21X1        1  21.4   219    92   15331    (-,-) 
  u_crypto_fsm/u_sha256/g67667/Y                             -       A->Y   R     NAND2X1        2  54.6   203   211   15542    (-,-) 
  u_crypto_fsm/u_sha256/add_315_28_g3040/Y                   -       B->Y   F     NAND2X1        1  21.6   112    76   15618    (-,-) 
  u_crypto_fsm/u_sha256/add_315_28_g3039/Y                   -       C->Y   R     OAI21X1        1  21.6   144   109   15727    (-,-) 
  u_crypto_fsm/u_sha256/g65891/Y                             -       B->Y   F     NAND2X1        1  32.9   342    93   15820    (-,-) 
  u_crypto_fsm/u_sha256/g64655/Y                             -       B->Y   R     OAI21X1        1  16.1   281   168   15989    (-,-) 
  u_crypto_fsm/u_sha256/e_reg[31]/D                          <<<     -      R     DFFSR          1     -     -     0   15989    (-,-) 
#-------------------------------------------------------------------------------------------------------------------------------------

