============================================================
  Generated by:           Genus(TM) Synthesis Solution 23.14-s090_1
  Generated on:           Jul 22 2026  01:13:23 pm
  Module:                 chip_top
  Operating conditions:   typical (balanced_tree)
  Wireload mode:          enclosed
  Area mode:              timing library
============================================================

                                
  Gate   Instances     Area           Library      
---------------------------------------------------
AND2X1           2      576.000    etri05_stdcells 
AND2X2          47    13536.000    etri05_stdcells 
AOI21X1        244    70272.000    etri05_stdcells 
AOI22X1       2899  1043640.000    etri05_stdcells 
BUFX2           10     2160.000    etri05_stdcells 
BUFX4           52    14976.000    etri05_stdcells 
DFFSR         2985  4728240.000    etri05_stdcells 
INVX1          768   110592.000    etri05_stdcells 
INVX2         2713   390672.000    etri05_stdcells 
INVX4           12     2592.000    etri05_stdcells 
INVX8           56    20160.000    etri05_stdcells 
MUX2X1         663   286416.000    etri05_stdcells 
NAND2X1       3508   757728.000    etri05_stdcells 
NAND3X1         74    23976.000    etri05_stdcells 
NOR2X1         457    98712.000    etri05_stdcells 
NOR3X1           3     1728.000    etri05_stdcells 
OAI21X1       3890   805230.000    etri05_stdcells 
OAI22X1        249    89640.000    etri05_stdcells 
OR2X1           15     4320.000    etri05_stdcells 
OR2X2           68    19584.000    etri05_stdcells 
---------------------------------------------------
total        18715  8484750.000                    


                                            
     Type      Instances     Area    Area % 
--------------------------------------------
sequential          2985 4728240.000   55.7 
inverter            3549  524016.000    6.2 
buffer                62   17136.000    0.2 
logic              12119 3215358.000   37.9 
physical_cells         0       0.000    0.0 
--------------------------------------------
total              18715 8484750.000  100.0 

