============================================================
  Generated by:           Genus(TM) Synthesis Solution 23.14-s090_1
  Generated on:           Jul 22 2026  01:17:25 pm
  Module:                 chip_top
  Operating conditions:   typical (balanced_tree)
  Wireload mode:          enclosed
  Area mode:              timing library
============================================================

                                
  Gate   Instances     Area           Library      
---------------------------------------------------
AND2X1           5     1440.000    etri05_stdcells 
AND2X2          40    11520.000    etri05_stdcells 
AOI21X1        360   103680.000    etri05_stdcells 
AOI22X1       2676   963360.000    etri05_stdcells 
BUFX2           16     3456.000    etri05_stdcells 
BUFX4           67    19296.000    etri05_stdcells 
DFFSR         2985  4728240.000    etri05_stdcells 
INVX1          790   113760.000    etri05_stdcells 
INVX2         2791   401904.000    etri05_stdcells 
INVX4           11     2376.000    etri05_stdcells 
INVX8           44    15840.000    etri05_stdcells 
MUX2X1         713   308016.000    etri05_stdcells 
NAND2X1       3465   748440.000    etri05_stdcells 
NAND3X1         73    23652.000    etri05_stdcells 
NOR2X1         420    90720.000    etri05_stdcells 
NOR3X1           1      576.000    etri05_stdcells 
OAI21X1       4141   857187.000    etri05_stdcells 
OAI22X1        201    72360.000    etri05_stdcells 
OR2X1            8     2304.000    etri05_stdcells 
OR2X2           77    22176.000    etri05_stdcells 
---------------------------------------------------
total        18884  8490303.000                    


                                            
     Type      Instances     Area    Area % 
--------------------------------------------
sequential          2985 4728240.000   55.7 
inverter            3636  533880.000    6.3 
buffer                83   22752.000    0.3 
logic              12180 3205431.000   37.8 
physical_cells         0       0.000    0.0 
--------------------------------------------
total              18884 8490303.000  100.0 

