============================================================
  Generated by:           Genus(TM) Synthesis Solution 23.14-s090_1
  Generated on:           Jul 22 2026  01:53:25 pm
  Module:                 chip_top
  Operating conditions:   typical (balanced_tree)
  Wireload mode:          enclosed
  Area mode:              timing library
============================================================


Path 1: MET (6 ps) Setup Check with Pin u_crypto_fsm/u_sha256/a_reg[31]/CLK->D
          Group: clk
     Startpoint: (R) u_crypto_fsm/u_sha256/round_reg[0]/CLK
          Clock: (R) clk
       Endpoint: (R) u_crypto_fsm/u_sha256/a_reg[31]/D
          Clock: (R) clk

                     Capture       Launch     
        Clock Edge:+    8000            0     
       Src Latency:+       0            0     
       Net Latency:+       0 (I)        0 (I) 
           Arrival:=    8000            0     
                                              
             Setup:-     221                  
     Required Time:=    7779                  
      Launch Clock:-       0                  
         Data Path:-    7773                  
             Slack:=       6                  

#-------------------------------------------------------------------------------------------------------------------------------
#                    Timing Point                      Flags    Arc   Edge   Cell     Fanout  Load Trans Delay Arrival Instance 
#                                                                                             (fF)  (ps)  (ps)   (ps)  Location 
#-------------------------------------------------------------------------------------------------------------------------------
  u_crypto_fsm/u_sha256/round_reg[0]/CLK               -       -      R     (arrival)   2985     -     0     0       0    (-,-) 
  u_crypto_fsm/u_sha256/round_reg[0]/Q                 -       CLK->Q F     DFFSR          8 195.0   579   850     850    (-,-) 
  u_crypto_fsm/u_sha256/g45142/Y                       -       A->Y   R     INVX2          4  96.4   243   248    1098    (-,-) 
  u_crypto_fsm/u_sha256/g56749/Y                       -       B->Y   R     AND2X2         8 171.4   241   278    1376    (-,-) 
  u_crypto_fsm/u_sha256/g56591/Y                       -       A->Y   F     NAND2X1        5 123.4   298   222    1597    (-,-) 
  u_crypto_fsm/u_sha256/g56180/Y                       -       B->Y   R     NAND2X1        3  82.2   282   271    1868    (-,-) 
  u_crypto_fsm/u_sha256/g56024/Y                       -       B->Y   F     NOR2X1         4 102.5   365   342    2210    (-,-) 
  u_crypto_fsm/u_sha256/g55973/Y                       -       A->Y   F     AND2X2         3  69.6   122   310    2520    (-,-) 
  u_crypto_fsm/u_sha256/g55798/Y                       -       A->Y   R     NAND3X1        4 126.2   436   349    2869    (-,-) 
  u_crypto_fsm/u_sha256/csa_tree_fac603_g5213/Y        -       A->Y   F     INVX2          1  32.2   147   101    2970    (-,-) 
  u_crypto_fsm/u_sha256/csa_tree_fac603_g5126/Y        -       A->Y   R     MUX2X1         2  54.6   227   189    3159    (-,-) 
  u_crypto_fsm/u_sha256/csa_tree_fac603_g4916/Y        -       B->Y   F     NAND2X1        1  21.6   123    76    3235    (-,-) 
  u_crypto_fsm/u_sha256/csa_tree_fac603_g4902/Y        -       C->Y   R     OAI21X1        4 114.6   355   284    3519    (-,-) 
  u_crypto_fsm/u_sha256/csa_tree_fac603_g4880/Y        -       A->Y   F     INVX2          1  32.3   128    96    3615    (-,-) 
  u_crypto_fsm/u_sha256/csa_tree_fac603_g4770/Y        -       B->Y   R     MUX2X1         2  54.6   238   177    3792    (-,-) 
  u_crypto_fsm/u_sha256/csa_tree_fac603_g4651/Y        -       B->Y   F     NAND2X1        1  21.6   129    76    3868    (-,-) 
  u_crypto_fsm/u_sha256/csa_tree_fac603_g4637/Y        -       C->Y   R     OAI21X1        6 163.1   485   373    4241    (-,-) 
  u_crypto_fsm/u_sha256/csa_tree_fac604_groupi_g3320/Y -       B->Y   F     NAND2X1        1  21.6   169    73    4314    (-,-) 
  u_crypto_fsm/u_sha256/csa_tree_fac604_groupi_g3304/Y -       C->Y   R     OAI21X1        2  58.0   263   195    4509    (-,-) 
  u_crypto_fsm/u_sha256/csa_tree_fac604_groupi_g3210/Y -       S->Y   F     MUX2X1         2  53.9   296   290    4799    (-,-) 
  u_crypto_fsm/u_sha256/csa_tree_fac604_groupi_g3148/Y -       B->Y   R     NAND2X1        1  21.6   167   152    4951    (-,-) 
  u_crypto_fsm/u_sha256/csa_tree_fac604_groupi_g3091/Y -       C->Y   F     OAI21X1        3  81.5   256   178    5130    (-,-) 
  u_crypto_fsm/u_sha256/csa_tree_fac604_groupi_g3077/Y -       B->Y   R     NOR2X1         2  59.8   208   184    5314    (-,-) 
  u_crypto_fsm/u_sha256/csa_tree_fac604_groupi_g3015/Y -       B->Y   F     NOR2X1         2  53.7   229   213    5527    (-,-) 
  u_crypto_fsm/u_sha256/csa_tree_fac604_groupi_g2960/Y -       A->Y   R     NAND2X1        2  59.8   217   224    5751    (-,-) 
  u_crypto_fsm/u_sha256/csa_tree_fac604_groupi_g2952/Y -       B->Y   F     NOR2X1         1  21.6   138   140    5890    (-,-) 
  u_crypto_fsm/u_sha256/csa_tree_fac604_groupi_g2940/Y -       B->Y   R     NAND2X1        1  32.1   147   129    6020    (-,-) 
  u_crypto_fsm/u_sha256/csa_tree_fac604_groupi_g2914/Y -       A->Y   F     OAI21X1        4 152.9   382   304    6324    (-,-) 
  u_crypto_fsm/u_sha256/csa_tree_fac604_groupi_g2913/Y -       A->Y   R     INVX4          3  99.0   152   150    6474    (-,-) 
  u_crypto_fsm/u_sha256/csa_tree_fac604_groupi_g2901/Y -       B->Y   F     OAI21X1        4 102.7   277   211    6685    (-,-) 
  u_crypto_fsm/u_sha256/csa_tree_fac604_groupi_g2895/Y -       C->Y   R     NAND3X1        1  27.1   173   176    6861    (-,-) 
  u_crypto_fsm/u_sha256/csa_tree_fac604_groupi_g2882/Y -       C->Y   F     NAND3X1        4 102.9   238   183    7044    (-,-) 
  u_crypto_fsm/u_sha256/csa_tree_fac604_groupi_g2859/Y -       A->Y   R     AOI21X1        2  69.4   244   217    7261    (-,-) 
  u_crypto_fsm/u_sha256/csa_tree_fac604_groupi_g2846/Y -       B->Y   F     OAI21X1        2  54.5   183   141    7402    (-,-) 
  u_crypto_fsm/u_sha256/csa_tree_fac604_groupi_g2840/Y -       B->Y   R     OAI21X1        1  32.1   160   155    7557    (-,-) 
  u_crypto_fsm/u_sha256/g57058/Y                       -       A->Y   F     AOI21X1        1  16.1   318   102    7658    (-,-) 
  u_crypto_fsm/u_sha256/g62414/Y                       -       A->Y   R     INVX1          1  16.1   122   115    7773    (-,-) 
  u_crypto_fsm/u_sha256/a_reg[31]/D                    <<<     -      R     DFFSR          1     -     -     0    7773    (-,-) 
#-------------------------------------------------------------------------------------------------------------------------------

